Archive member included to satisfy reference by file (symbol)

/Applications/STM32CubeIDE.app/Contents/Eclipse/plugins/com.st.stm32cube.ide.mcu.externaltools.gnu-tools-for-stm32.12.3.rel1.macos64_1.0.200.202406191456/tools/bin/../lib/gcc/arm-none-eabi/12.3.1/../../../../arm-none-eabi/lib/thumb/v7e-m+fp/hard/libstdc++.a(del_opv.o)
                              ./Src/JPEGDecoder.o (operator delete[](void*))
/Applications/STM32CubeIDE.app/Contents/Eclipse/plugins/com.st.stm32cube.ide.mcu.externaltools.gnu-tools-for-stm32.12.3.rel1.macos64_1.0.200.202406191456/tools/bin/../lib/gcc/arm-none-eabi/12.3.1/../../../../arm-none-eabi/lib/thumb/v7e-m+fp/hard/libstdc++.a(new_opv.o)
                              ./Src/JPEGDecoder.o (operator new[](unsigned int))
/Applications/STM32CubeIDE.app/Contents/Eclipse/plugins/com.st.stm32cube.ide.mcu.externaltools.gnu-tools-for-stm32.12.3.rel1.macos64_1.0.200.202406191456/tools/bin/../lib/gcc/arm-none-eabi/12.3.1/../../../../arm-none-eabi/lib/thumb/v7e-m+fp/hard/libstdc++.a(del_op.o)
                              /Applications/STM32CubeIDE.app/Contents/Eclipse/plugins/com.st.stm32cube.ide.mcu.externaltools.gnu-tools-for-stm32.12.3.rel1.macos64_1.0.200.202406191456/tools/bin/../lib/gcc/arm-none-eabi/12.3.1/../../../../arm-none-eabi/lib/thumb/v7e-m+fp/hard/libstdc++.a(del_opv.o) (operator delete(void*))
/Applications/STM32CubeIDE.app/Contents/Eclipse/plugins/com.st.stm32cube.ide.mcu.externaltools.gnu-tools-for-stm32.12.3.rel1.macos64_1.0.200.202406191456/tools/bin/../lib/gcc/arm-none-eabi/12.3.1/../../../../arm-none-eabi/lib/thumb/v7e-m+fp/hard/libstdc++.a(new_op.o)
                              /Applications/STM32CubeIDE.app/Contents/Eclipse/plugins/com.st.stm32cube.ide.mcu.externaltools.gnu-tools-for-stm32.12.3.rel1.macos64_1.0.200.202406191456/tools/bin/../lib/gcc/arm-none-eabi/12.3.1/../../../../arm-none-eabi/lib/thumb/v7e-m+fp/hard/libstdc++.a(new_opv.o) (operator new(unsigned int))
/Applications/STM32CubeIDE.app/Contents/Eclipse/plugins/com.st.stm32cube.ide.mcu.externaltools.gnu-tools-for-stm32.12.3.rel1.macos64_1.0.200.202406191456/tools/bin/../lib/gcc/arm-none-eabi/12.3.1/../../../../arm-none-eabi/lib/thumb/v7e-m+fp/hard/libstdc++.a(bad_alloc.o)
                              /Applications/STM32CubeIDE.app/Contents/Eclipse/plugins/com.st.stm32cube.ide.mcu.externaltools.gnu-tools-for-stm32.12.3.rel1.macos64_1.0.200.202406191456/tools/bin/../lib/gcc/arm-none-eabi/12.3.1/../../../../arm-none-eabi/lib/thumb/v7e-m+fp/hard/libstdc++.a(new_op.o) (vtable for std::bad_alloc)
/Applications/STM32CubeIDE.app/Contents/Eclipse/plugins/com.st.stm32cube.ide.mcu.externaltools.gnu-tools-for-stm32.12.3.rel1.macos64_1.0.200.202406191456/tools/bin/../lib/gcc/arm-none-eabi/12.3.1/../../../../arm-none-eabi/lib/thumb/v7e-m+fp/hard/libstdc++.a(del_ops.o)
                              /Applications/STM32CubeIDE.app/Contents/Eclipse/plugins/com.st.stm32cube.ide.mcu.externaltools.gnu-tools-for-stm32.12.3.rel1.macos64_1.0.200.202406191456/tools/bin/../lib/gcc/arm-none-eabi/12.3.1/../../../../arm-none-eabi/lib/thumb/v7e-m+fp/hard/libstdc++.a(bad_alloc.o) (operator delete(void*, unsigned int))
/Applications/STM32CubeIDE.app/Contents/Eclipse/plugins/com.st.stm32cube.ide.mcu.externaltools.gnu-tools-for-stm32.12.3.rel1.macos64_1.0.200.202406191456/tools/bin/../lib/gcc/arm-none-eabi/12.3.1/../../../../arm-none-eabi/lib/thumb/v7e-m+fp/hard/libstdc++.a(eh_alloc.o)
                              /Applications/STM32CubeIDE.app/Contents/Eclipse/plugins/com.st.stm32cube.ide.mcu.externaltools.gnu-tools-for-stm32.12.3.rel1.macos64_1.0.200.202406191456/tools/bin/../lib/gcc/arm-none-eabi/12.3.1/../../../../arm-none-eabi/lib/thumb/v7e-m+fp/hard/libstdc++.a(new_op.o) (__cxa_allocate_exception)
/Applications/STM32CubeIDE.app/Contents/Eclipse/plugins/com.st.stm32cube.ide.mcu.externaltools.gnu-tools-for-stm32.12.3.rel1.macos64_1.0.200.202406191456/tools/bin/../lib/gcc/arm-none-eabi/12.3.1/../../../../arm-none-eabi/lib/thumb/v7e-m+fp/hard/libstdc++.a(eh_exception.o)
                              /Applications/STM32CubeIDE.app/Contents/Eclipse/plugins/com.st.stm32cube.ide.mcu.externaltools.gnu-tools-for-stm32.12.3.rel1.macos64_1.0.200.202406191456/tools/bin/../lib/gcc/arm-none-eabi/12.3.1/../../../../arm-none-eabi/lib/thumb/v7e-m+fp/hard/libstdc++.a(bad_alloc.o) (std::exception::~exception())
/Applications/STM32CubeIDE.app/Contents/Eclipse/plugins/com.st.stm32cube.ide.mcu.externaltools.gnu-tools-for-stm32.12.3.rel1.macos64_1.0.200.202406191456/tools/bin/../lib/gcc/arm-none-eabi/12.3.1/../../../../arm-none-eabi/lib/thumb/v7e-m+fp/hard/libstdc++.a(eh_terminate.o)
                              /Applications/STM32CubeIDE.app/Contents/Eclipse/plugins/com.st.stm32cube.ide.mcu.externaltools.gnu-tools-for-stm32.12.3.rel1.macos64_1.0.200.202406191456/tools/bin/../lib/gcc/arm-none-eabi/12.3.1/../../../../arm-none-eabi/lib/thumb/v7e-m+fp/hard/libstdc++.a(eh_alloc.o) (std::terminate())
[...]
Memory Configuration

Name             Origin             Length             Attributes
RAM              0x20000000         0x00050000         xrw
FLASH            0x08000000         0x00100000         xr
DTCMRAM          0x00000000         0xffffffff
*default*        0x00000000         0xffffffff

Linker script and memory map

LOAD /Applications/STM32CubeIDE.app/Contents/Eclipse/plugins/com.st.stm32cube.ide.mcu.externaltools.gnu-tools-for-stm32.12.3.rel1.macos64_1.0.200.202406191456/tools/bin/../lib/gcc/arm-none-eabi/12.3.1/thumb/v7e-m+fp/hard/crti.o
LOAD /Applications/STM32CubeIDE.app/Contents/Eclipse/plugins/com.st.stm32cube.ide.mcu.externaltools.gnu-tools-for-stm32.12.3.rel1.macos64_1.0.200.202406191456/tools/bin/../lib/gcc/arm-none-eabi/12.3.1/thumb/v7e-m+fp/hard/crtbegin.o
LOAD /Applications/STM32CubeIDE.app/Contents/Eclipse/plugins/com.st.stm32cube.ide.mcu.externaltools.gnu-tools-for-stm32.12.3.rel1.macos64_1.0.200.202406191456/tools/bin/../lib/gcc/arm-none-eabi/12.3.1/../../../../arm-none-eabi/lib/thumb/v7e-m+fp/hard/crt0.o
LOAD ./Drivers/BSP/Components/exc7200/exc7200.o
LOAD ./Drivers/BSP/Components/ft5336/ft5336.o
LOAD ./Drivers/BSP/Components/mfxstm32l152/mfxstm32l152.o
LOAD ./Drivers/BSP/Components/ov9655/ov9655.o
LOAD ./Drivers/BSP/Components/s5k5cag/s5k5cag.o
LOAD ./Drivers/BSP/Components/stmpe811/stmpe811.o
LOAD ./Drivers/BSP/Components/ts3510/ts3510.o
LOAD ./Drivers/BSP/Components/wm8994/wm8994.o
LOAD ./Drivers/BSP/STM32746G-Discovery/stm32746g_discovery.o
LOAD ./Drivers/BSP/STM32746G-Discovery/stm32746g_discovery_audio.o
LOAD ./Drivers/BSP/STM32746G-Discovery/stm32746g_discovery_eeprom.o
LOAD ./Drivers/BSP/STM32746G-Discovery/stm32746g_discovery_lcd.o
LOAD ./Drivers/BSP/STM32746G-Discovery/stm32746g_discovery_qspi.o
LOAD ./Drivers/BSP/STM32746G-Discovery/stm32746g_discovery_sd.o
LOAD ./Drivers/BSP/STM32746G-Discovery/stm32746g_discovery_sdram.o
LOAD ./Drivers/BSP/STM32746G-Discovery/stm32746g_discovery_ts.o
LOAD ./Drivers/STM32F7xx_HAL_Driver/Src/stm32f7xx_hal.o
LOAD ./Drivers/STM32F7xx_HAL_Driver/Src/stm32f7xx_hal_adc.o
LOAD ./Drivers/STM32F7xx_HAL_Driver/Src/stm32f7xx_hal_adc_ex.o
LOAD ./Drivers/STM32F7xx_HAL_Driver/Src/stm32f7xx_hal_cortex.o
LOAD ./Drivers/STM32F7xx_HAL_Driver/Src/stm32f7xx_hal_dcmi.o
LOAD ./Drivers/STM32F7xx_HAL_Driver/Src/stm32f7xx_hal_dcmi_ex.o
LOAD ./Drivers/STM32F7xx_HAL_Driver/Src/stm32f7xx_hal_dma.o
LOAD ./Drivers/STM32F7xx_HAL_Driver/Src/stm32f7xx_hal_dma2d.o
LOAD ./Drivers/STM32F7xx_HAL_Driver/Src/stm32f7xx_hal_dma_ex.o
LOAD ./Drivers/STM32F7xx_HAL_Driver/Src/stm32f7xx_hal_dsi.o
LOAD ./Drivers/STM32F7xx_HAL_Driver/Src/stm32f7xx_hal_flash.o
LOAD ./Drivers/STM32F7xx_HAL_Driver/Src/stm32f7xx_hal_flash_ex.o
LOAD ./Drivers/STM32F7xx_HAL_Driver/Src/stm32f7xx_hal_gpio.o
LOAD ./Drivers/STM32F7xx_HAL_Driver/Src/stm32f7xx_hal_i2c.o
LOAD ./Drivers/STM32F7xx_HAL_Driver/Src/stm32f7xx_hal_i2c_ex.o
LOAD ./Drivers/STM32F7xx_HAL_Driver/Src/stm32f7xx_hal_ltdc.o
LOAD ./Drivers/STM32F7xx_HAL_Driver/Src/stm32f7xx_hal_ltdc_ex.o
LOAD ./Drivers/STM32F7xx_HAL_Driver/Src/stm32f7xx_hal_pwr.o
LOAD ./Drivers/STM32F7xx_HAL_Driver/Src/stm32f7xx_hal_pwr_ex.o
LOAD ./Drivers/STM32F7xx_HAL_Driver/Src/stm32f7xx_hal_qspi.o
LOAD ./Drivers/STM32F7xx_HAL_Driver/Src/stm32f7xx_hal_rcc.o
LOAD ./Drivers/STM32F7xx_HAL_Driver/Src/stm32f7xx_hal_rcc_ex.o
LOAD ./Drivers/STM32F7xx_HAL_Driver/Src/stm32f7xx_hal_rtc.o
LOAD ./Drivers/STM32F7xx_HAL_Driver/Src/stm32f7xx_hal_rtc_ex.o
LOAD ./Drivers/STM32F7xx_HAL_Driver/Src/stm32f7xx_hal_sai.o
LOAD ./Drivers/STM32F7xx_HAL_Driver/Src/stm32f7xx_hal_sai_ex.o
LOAD ./Drivers/STM32F7xx_HAL_Driver/Src/stm32f7xx_hal_sd.o
LOAD ./Drivers/STM32F7xx_HAL_Driver/Src/stm32f7xx_hal_sdram.o
LOAD ./Drivers/STM32F7xx_HAL_Driver/Src/stm32f7xx_hal_spi.o
LOAD ./Drivers/STM32F7xx_HAL_Driver/Src/stm32f7xx_hal_tim.o
LOAD ./Drivers/STM32F7xx_HAL_Driver/Src/stm32f7xx_hal_tim_ex.o
LOAD ./Drivers/STM32F7xx_HAL_Driver/Src/stm32f7xx_hal_uart.o
LOAD ./Drivers/STM32F7xx_HAL_Driver/Src/stm32f7xx_ll_fmc.o
LOAD ./Drivers/STM32F7xx_HAL_Driver/Src/stm32f7xx_ll_sdmmc.o
LOAD ./Src/JPEGDecoder.o
LOAD ./Src/camera.o
LOAD ./Src/camera_i2c.o
LOAD ./Src/camera_spi.o
LOAD ./Src/lcd.o
LOAD ./Src/main.o
LOAD ./Src/picojpeg.o
LOAD ./Src/startup_stm32f746xx.o
LOAD ./Src/stm32f7xx_hal_msp.o
LOAD ./Src/stm32f7xx_it.o
LOAD ./Src/system_stm32f7xx.o
LOAD ./Src/TinyEngine/codegen/Source/depthwise_kernel3x3_stride1_inplace_CHW_fpreq.o
LOAD ./Src/TinyEngine/codegen/Source/depthwise_kernel3x3_stride1_inplace_CHW_fpreq_bitmask.o
LOAD ./Src/TinyEngine/codegen/Source/depthwise_kernel3x3_stride1_inplace_CHW_fpreq_mask.o
LOAD ./Src/TinyEngine/codegen/Source/depthwise_kernel3x3_stride2_inplace_CHW_fpreq.o
LOAD ./Src/TinyEngine/codegen/Source/depthwise_kernel3x3_stride2_inplace_CHW_fpreq_bitmask.o
LOAD ./Src/TinyEngine/codegen/Source/depthwise_kernel3x3_stride2_inplace_CHW_fpreq_mask.o
LOAD ./Src/TinyEngine/codegen/Source/depthwise_kernel5x5_stride1_inplace_CHW_fpreq.o
LOAD ./Src/TinyEngine/codegen/Source/depthwise_kernel5x5_stride1_inplace_CHW_fpreq_bitmask.o
LOAD ./Src/TinyEngine/codegen/Source/depthwise_kernel5x5_stride1_inplace_CHW_fpreq_mask.o
LOAD ./Src/TinyEngine/codegen/Source/depthwise_kernel7x7_stride1_inplace_CHW_fpreq.o
LOAD ./Src/TinyEngine/codegen/Source/depthwise_kernel7x7_stride1_inplace_CHW_fpreq_bitmask.o
LOAD ./Src/TinyEngine/codegen/Source/depthwise_kernel7x7_stride1_inplace_CHW_fpreq_mask.o
LOAD ./Src/TinyEngine/codegen/Source/depthwise_kernel7x7_stride2_inplace_CHW_fpreq.o
LOAD ./Src/TinyEngine/codegen/Source/depthwise_kernel7x7_stride2_inplace_CHW_fpreq_bitmask.o
LOAD ./Src/TinyEngine/codegen/Source/depthwise_kernel7x7_stride2_inplace_CHW_fpreq_mask.o
LOAD ./Src/TinyEngine/codegen/Source/genModel.o
LOAD ./Src/TinyEngine/src/kernels/fp_backward_op/add_fp.o
LOAD ./Src/TinyEngine/src/kernels/fp_backward_op/div_fp.o
LOAD ./Src/TinyEngine/src/kernels/fp_backward_op/group_conv_fp_kernel4_stride1_pad0.o
LOAD ./Src/TinyEngine/src/kernels/fp_backward_op/group_conv_fp_kernel8_stride1_pad0.o
LOAD ./Src/TinyEngine/src/kernels/fp_backward_op/group_pointwise_conv_fp.o
LOAD ./Src/TinyEngine/src/kernels/fp_backward_op/less_fp.o
LOAD ./Src/TinyEngine/src/kernels/fp_backward_op/log_softmax_fp.o
LOAD ./Src/TinyEngine/src/kernels/fp_backward_op/mul_fp.o
LOAD ./Src/TinyEngine/src/kernels/fp_backward_op/negative_fp.o
LOAD ./Src/TinyEngine/src/kernels/fp_backward_op/nll_loss_fp.o
LOAD ./Src/TinyEngine/src/kernels/fp_backward_op/pointwise_conv_fp.o
LOAD ./Src/TinyEngine/src/kernels/fp_backward_op/strided_slice_3Dto3D_fp.o
LOAD ./Src/TinyEngine/src/kernels/fp_backward_op/strided_slice_4Dto4D_fp.o
LOAD ./Src/TinyEngine/src/kernels/fp_backward_op/sub_fp.o
LOAD ./Src/TinyEngine/src/kernels/fp_backward_op/sum_2D_fp.o
LOAD ./Src/TinyEngine/src/kernels/fp_backward_op/sum_3D_fp.o
LOAD ./Src/TinyEngine/src/kernels/fp_backward_op/sum_4D_exclude_fp.o
LOAD ./Src/TinyEngine/src/kernels/fp_backward_op/transpose_depthwise_conv_fp_kernel3_stride1_inpad1_outpad0.o
LOAD ./Src/TinyEngine/src/kernels/fp_backward_op/transpose_depthwise_conv_fp_kernel3_stride2_inpad1_outpad1.o
LOAD ./Src/TinyEngine/src/kernels/fp_backward_op/transpose_depthwise_conv_fp_kernel5_stride1_inpad2_outpad0.o
LOAD ./Src/TinyEngine/src/kernels/fp_backward_op/transpose_depthwise_conv_fp_kernel5_stride2_inpad2_outpad1.o
LOAD ./Src/TinyEngine/src/kernels/fp_backward_op/transpose_depthwise_conv_fp_kernel7_stride1_inpad3_outpad0.o
LOAD ./Src/TinyEngine/src/kernels/fp_backward_op/transpose_depthwise_conv_fp_kernel7_stride2_inpad3_outpad1.o
LOAD ./Src/TinyEngine/src/kernels/fp_backward_op/tte_exp_fp.o
LOAD ./Src/TinyEngine/src/kernels/fp_backward_op/where_fp.o
LOAD ./Src/TinyEngine/src/kernels/fp_requantize_op/add_fpreq.o
LOAD ./Src/TinyEngine/src/kernels/fp_requantize_op/convolve_1x1_s8_ch16_fpreq.o
LOAD ./Src/TinyEngine/src/kernels/fp_requantize_op/convolve_1x1_s8_ch24_fpreq.o
LOAD ./Src/TinyEngine/src/kernels/fp_requantize_op/convolve_1x1_s8_ch48_fpreq.o
LOAD ./Src/TinyEngine/src/kernels/fp_requantize_op/convolve_1x1_s8_ch8_fpreq.o
LOAD ./Src/TinyEngine/src/kernels/fp_requantize_op/convolve_1x1_s8_fpreq.o
LOAD ./Src/TinyEngine/src/kernels/fp_requantize_op/convolve_1x1_s8_fpreq_mask.o
LOAD ./Src/TinyEngine/src/kernels/fp_requantize_op/convolve_1x1_s8_fpreq_mask_partialCH.o
LOAD ./Src/TinyEngine/src/kernels/fp_requantize_op/convolve_s8_kernel3_inputch3_stride2_pad1_fpreq.o
LOAD ./Src/TinyEngine/src/kernels/fp_requantize_op/mat_mul_kernels_fpreq.o
LOAD ./Src/TinyEngine/src/kernels/int_forward_op/add.o
LOAD ./Src/TinyEngine/src/kernels/int_forward_op/arm_convolve_s8_4col.o
LOAD ./Src/TinyEngine/src/kernels/int_forward_op/arm_nn_mat_mult_kernel3_input3_s8_s16.o
LOAD ./Src/TinyEngine/src/kernels/int_forward_op/arm_nn_mat_mult_kernel_s8_s16_reordered_8mul.o
LOAD ./Src/TinyEngine/src/kernels/int_forward_op/arm_nn_mat_mult_kernel_s8_s16_reordered_oddch.o
LOAD ./Src/TinyEngine/src/kernels/int_forward_op/avgpooling.o
LOAD ./Src/TinyEngine/src/kernels/int_forward_op/concat_ch.o
LOAD ./Src/TinyEngine/src/kernels/int_forward_op/convolve_1x1_s8.o
LOAD ./Src/TinyEngine/src/kernels/int_forward_op/convolve_1x1_s8_SRAM.o
LOAD ./Src/TinyEngine/src/kernels/int_forward_op/convolve_1x1_s8_ch16.o
LOAD ./Src/TinyEngine/src/kernels/int_forward_op/convolve_1x1_s8_ch24.o
LOAD ./Src/TinyEngine/src/kernels/int_forward_op/convolve_1x1_s8_ch48.o
LOAD ./Src/TinyEngine/src/kernels/int_forward_op/convolve_1x1_s8_ch8.o
LOAD ./Src/TinyEngine/src/kernels/int_forward_op/convolve_1x1_s8_kbuf.o
LOAD ./Src/TinyEngine/src/kernels/int_forward_op/convolve_1x1_s8_oddch.o
LOAD ./Src/TinyEngine/src/kernels/int_forward_op/convolve_1x1_s8_skip_pad.o
LOAD ./Src/TinyEngine/src/kernels/int_forward_op/convolve_s8_kernel2x3_inputch3_stride2_pad1.o
LOAD ./Src/TinyEngine/src/kernels/int_forward_op/convolve_s8_kernel3_inputch3_stride2_pad1.o
LOAD ./Src/TinyEngine/src/kernels/int_forward_op/convolve_s8_kernel3_stride1_pad1.o
LOAD ./Src/TinyEngine/src/kernels/int_forward_op/convolve_s8_kernel3x2_inputch3_stride2_pad1.o
LOAD ./Src/TinyEngine/src/kernels/int_forward_op/convolve_u8_kernel3_inputch3_stride1_pad1.o
LOAD ./Src/TinyEngine/src/kernels/int_forward_op/convolve_u8_kernel3_inputch3_stride2_pad1.o
LOAD ./Src/TinyEngine/src/kernels/int_forward_op/element_mult.o
LOAD ./Src/TinyEngine/src/kernels/int_forward_op/fully_connected.o
LOAD ./Src/TinyEngine/src/kernels/int_forward_op/mat_mul_fp.o
LOAD ./Src/TinyEngine/src/kernels/int_forward_op/mat_mult_kernels.o
LOAD ./Src/TinyEngine/src/kernels/int_forward_op/maxpooling.o
LOAD ./Src/TinyEngine/src/kernels/int_forward_op/patchpadding_convolve_s8_kernel3_inputch3_stride2.o
LOAD ./Src/TinyEngine/src/kernels/int_forward_op/patchpadding_depthwise_kernel3x3_stride1_inplace_CHW.o
LOAD ./Src/TinyEngine/src/kernels/int_forward_op/patchpadding_depthwise_kernel3x3_stride2_inplace_CHW.o
LOAD ./Src/TinyEngine/src/kernels/int_forward_op/patchpadding_kbuf_convolve_s8_kernel3_inputch3_stride2.o
LOAD ./Src/TinyEngine/src/kernels/int_forward_op/stable_softmax.o
LOAD ./Src/TinyEngine/src/kernels/int_forward_op/upsample_byte.o
LOAD ./Src/TinyEngine/src/yoloOutput.o
LOAD ./Src/sys/_io.o
LOAD ./Src/sys/stubs.o
LOAD ./Utilities/Fonts/font12.o
LOAD ./Utilities/Fonts/font16.o
LOAD ./Utilities/Fonts/font20.o
LOAD ./Utilities/Fonts/font24.o
LOAD ./Utilities/Fonts/font8.o
START GROUP
LOAD /Applications/STM32CubeIDE.app/Contents/Eclipse/plugins/com.st.stm32cube.ide.mcu.externaltools.gnu-tools-for-stm32.12.3.rel1.macos64_1.0.200.202406191456/tools/bin/../lib/gcc/arm-none-eabi/12.3.1/../../../../arm-none-eabi/lib/thumb/v7e-m+fp/hard/libstdc++.a
LOAD /Applications/STM32CubeIDE.app/Contents/Eclipse/plugins/com.st.stm32cube.ide.mcu.externaltools.gnu-tools-for-stm32.12.3.rel1.macos64_1.0.200.202406191456/tools/bin/../lib/gcc/arm-none-eabi/12.3.1/../../../../arm-none-eabi/lib/thumb/v7e-m+fp/hard/libsupc++.a
END GROUP
LOAD /Applications/STM32CubeIDE.app/Contents/Eclipse/plugins/com.st.stm32cube.ide.mcu.externaltools.gnu-tools-for-stm32.12.3.rel1.macos64_1.0.200.202406191456/tools/bin/../lib/gcc/arm-none-eabi/12.3.1/../../../../arm-none-eabi/lib/thumb/v7e-m+fp/hard/libstdc++.a
LOAD /Applications/STM32CubeIDE.app/Contents/Eclipse/plugins/com.st.stm32cube.ide.mcu.externaltools.gnu-tools-for-stm32.12.3.rel1.macos64_1.0.200.202406191456/tools/bin/../lib/gcc/arm-none-eabi/12.3.1/../../../../arm-none-eabi/lib/thumb/v7e-m+fp/hard/libm.a
LOAD /Applications/STM32CubeIDE.app/Contents/Eclipse/plugins/com.st.stm32cube.ide.mcu.externaltools.gnu-tools-for-stm32.12.3.rel1.macos64_1.0.200.202406191456/tools/bin/../lib/gcc/arm-none-eabi/12.3.1/../../../../arm-none-eabi/lib/thumb/v7e-m+fp/hard/libc.a
START GROUP
LOAD /Applications/STM32CubeIDE.app/Contents/Eclipse/plugins/com.st.stm32cube.ide.mcu.externaltools.gnu-tools-for-stm32.12.3.rel1.macos64_1.0.200.202406191456/tools/bin/../lib/gcc/arm-none-eabi/12.3.1/thumb/v7e-m+fp/hard/libgcc.a
LOAD /Applications/STM32CubeIDE.app/Contents/Eclipse/plugins/com.st.stm32cube.ide.mcu.externaltools.gnu-tools-for-stm32.12.3.rel1.macos64_1.0.200.202406191456/tools/bin/../lib/gcc/arm-none-eabi/12.3.1/../../../../arm-none-eabi/lib/thumb/v7e-m+fp/hard/libc.a
END GROUP
START GROUP
LOAD /Applications/STM32CubeIDE.app/Contents/Eclipse/plugins/com.st.stm32cube.ide.mcu.externaltools.gnu-tools-for-stm32.12.3.rel1.macos64_1.0.200.202406191456/tools/bin/../lib/gcc/arm-none-eabi/12.3.1/thumb/v7e-m+fp/hard/libgcc.a
LOAD /Applications/STM32CubeIDE.app/Contents/Eclipse/plugins/com.st.stm32cube.ide.mcu.externaltools.gnu-tools-for-stm32.12.3.rel1.macos64_1.0.200.202406191456/tools/bin/../lib/gcc/arm-none-eabi/12.3.1/../../../../arm-none-eabi/lib/thumb/v7e-m+fp/hard/libc.a
LOAD /Applications/STM32CubeIDE.app/Contents/Eclipse/plugins/com.st.stm32cube.ide.mcu.externaltools.gnu-tools-for-stm32.12.3.rel1.macos64_1.0.200.202406191456/tools/bin/../lib/gcc/arm-none-eabi/12.3.1/../../../../arm-none-eabi/lib/thumb/v7e-m+fp/hard/libnosys.a
END GROUP
LOAD /Applications/STM32CubeIDE.app/Contents/Eclipse/plugins/com.st.stm32cube.ide.mcu.externaltools.gnu-tools-for-stm32.12.3.rel1.macos64_1.0.200.202406191456/tools/bin/../lib/gcc/arm-none-eabi/12.3.1/thumb/v7e-m+fp/hard/crtend.o
LOAD /Applications/STM32CubeIDE.app/Contents/Eclipse/plugins/com.st.stm32cube.ide.mcu.externaltools.gnu-tools-for-stm32.12.3.rel1.macos64_1.0.200.202406191456/tools/bin/../lib/gcc/arm-none-eabi/12.3.1/thumb/v7e-m+fp/hard/crtn.o
                0x2004ffff                        _estack = 0x2004ffff
                0x00000600                        _Min_Heap_Size = 0x600
                0x00000400                        _Min_Stack_Size = 0x400

.isr_vector     0x08000000      0x1c8
                0x08000000                        . = ALIGN (0x4)
 *(.isr_vector)
 .isr_vector    0x08000000      0x1c8 ./Src/startup_stm32f746xx.o
                0x08000000                g_pfnVectors
                0x080001c8                        . = ALIGN (0x4)

.text           0x080001d0    0x27808
                0x080001d0                        . = ALIGN (0x4)
 *(.text)
 .text          0x080001d0       0x40 /Applications/STM32CubeIDE.app/Contents/Eclipse/plugins/com.st.stm32cube.ide.mcu.externaltools.gnu-tools-for-stm32.12.3.rel1.macos64_1.0.200.202406191456/tools/bin/../lib/gcc/arm-none-eabi/12.3.1/thumb/v7e-m+fp/hard/crtbegin.o
 .text          0x08000210     0x5fd0 /Applications/STM32CubeIDE.app/Contents/Eclipse/plugins/com.st.stm32cube.ide.mcu.externaltools.gnu-tools-for-stm32.12.3.rel1.macos64_1.0.200.202406191456/tools/bin/../lib/gcc/arm-none-eabi/12.3.1/../../../../arm-none-eabi/lib/thumb/v7e-m+fp/hard/libstdc++.a(cp-demangle.o)
                0x08006100                __cxa_demangle
                0x080061bc                __gcclibcxx_demangle_callback
 .text          0x080061e0       0x14 /Applications/STM32CubeIDE.app/Contents/Eclipse/plugins/com.st.stm32cube.ide.mcu.externaltools.gnu-tools-for-stm32.12.3.rel1.macos64_1.0.200.202406191456/tools/bin/../lib/gcc/arm-none-eabi/12.3.1/../../../../arm-none-eabi/lib/thumb/v7e-m+fp/hard/libc.a(libc_a-strcmp.o)
                0x080061e0                strcmp
 *fill*         0x080061f4        0xc 
 .text          0x08006200       0xa0 /Applications/STM32CubeIDE.app/Contents/Eclipse/plugins/com.st.stm32cube.ide.mcu.externaltools.gnu-tools-for-stm32.12.3.rel1.macos64_1.0.200.202406191456/tools/bin/../lib/gcc/arm-none-eabi/12.3.1/../../../../arm-none-eabi/lib/thumb/v7e-m+fp/hard/libc.a(libc_a-memchr.o)
                0x08006200                memchr
 .text          0x080062a0       0x10 /Applications/STM32CubeIDE.app/Contents/Eclipse/plugins/com.st.stm32cube.ide.mcu.externaltools.gnu-tools-for-stm32.12.3.rel1.macos64_1.0.200.202406191456/tools/bin/../lib/gcc/arm-none-eabi/12.3.1/../../../../arm-none-eabi/lib/thumb/v7e-m+fp/hard/libc.a(libc_a-strlen.o)
                0x080062a0                strlen
 .text          0x080062b0      0x378 /Applications/STM32CubeIDE.app/Contents/Eclipse/plugins/com.st.stm32cube.ide.mcu.externaltools.gnu-tools-for-stm32.12.3.rel1.macos64_1.0.200.202406191456/tools/bin/../lib/gcc/arm-none-eabi/12.3.1/thumb/v7e-m+fp/hard/libgcc.a(_arm_addsubdf3.o)
                0x080062b0                __aeabi_drsub
                0x080062b8                __subdf3
                0x080062b8                __aeabi_dsub
                0x080062bc                __aeabi_dadd
                0x080062bc                __adddf3
                0x08006534                __aeabi_ui2d
                0x08006534                __floatunsidf
                0x08006554                __floatsidf
                0x08006554                __aeabi_i2d
                0x08006578                __extendsfdf2
                0x08006578                __aeabi_f2d
                0x080065bc                __aeabi_ul2d
                0x080065bc                __floatundidf
                0x080065cc                __aeabi_l2d
                0x080065cc                __floatdidf
 .text          0x08006628      0x424 /Applications/STM32CubeIDE.app/Contents/Eclipse/plugins/com.st.stm32cube.ide.mcu.externaltools.gnu-tools-for-stm32.12.3.rel1.macos64_1.0.200.202406191456/tools/bin/../lib/gcc/arm-none-eabi/12.3.1/thumb/v7e-m+fp/hard/libgcc.a(_arm_muldivdf3.o)
                0x08006628                __aeabi_dmul
                0x08006628                __muldf3
                0x0800687c                __aeabi_ddiv
                0x0800687c                __divdf3
 .text          0x08006a4c      0x110 /Applications/STM32CubeIDE.app/Contents/Eclipse/plugins/com.st.stm32cube.ide.mcu.externaltools.gnu-tools-for-stm32.12.3.rel1.macos64_1.0.200.202406191456/tools/bin/../lib/gcc/arm-none-eabi/12.3.1/thumb/v7e-m+fp/hard/libgcc.a(_arm_cmpdf2.o)
                0x08006a4c                __gedf2
                0x08006a4c                __gtdf2
                0x08006a54                __ledf2
                0x08006a54                __ltdf2
                0x08006a5c                __cmpdf2
                0x08006a5c                __eqdf2
                0x08006a5c                __nedf2
                0x08006ad8                __aeabi_cdrcmple
                0x08006ae8                __aeabi_cdcmple
                0x08006ae8                __aeabi_cdcmpeq
                0x08006af8                __aeabi_dcmpeq
                0x08006b0c                __aeabi_dcmplt
                0x08006b20                __aeabi_dcmple
                0x08006b34                __aeabi_dcmpge
                0x08006b48                __aeabi_dcmpgt
 .text          0x08006b5c       0x2c /Applications/STM32CubeIDE.app/Contents/Eclipse/plugins/com.st.stm32cube.ide.mcu.externaltools.gnu-tools-for-stm32.12.3.rel1.macos64_1.0.200.202406191456/tools/bin/../lib/gcc/arm-none-eabi/12.3.1/thumb/v7e-m+fp/hard/libgcc.a(_arm_unorddf2.o)
                0x08006b5c                __aeabi_dcmpun
                0x08006b5c                __unorddf2
 .text          0x08006b88       0x50 /Applications/STM32CubeIDE.app/Contents/Eclipse/plugins/com.st.stm32cube.ide.mcu.externaltools.gnu-tools-for-stm32.12.3.rel1.macos64_1.0.200.202406191456/tools/bin/../lib/gcc/arm-none-eabi/12.3.1/thumb/v7e-m+fp/hard/libgcc.a(_arm_fixdfsi.o)
                0x08006b88                __fixdfsi
                0x08006b88                __aeabi_d2iz
 .text          0x08006bd8       0xa0 /Applications/STM32CubeIDE.app/Contents/Eclipse/plugins/com.st.stm32cube.ide.mcu.externaltools.gnu-tools-for-stm32.12.3.rel1.macos64_1.0.200.202406191456/tools/bin/../lib/gcc/arm-none-eabi/12.3.1/thumb/v7e-m+fp/hard/libgcc.a(_arm_truncdfsf2.o)
                0x08006bd8                __aeabi_d2f
                0x08006bd8                __truncdfsf2
 .text          0x08006c78       0x30 /Applications/STM32CubeIDE.app/Contents/Eclipse/plugins/com.st.stm32cube.ide.mcu.externaltools.gnu-tools-for-stm32.12.3.rel1.macos64_1.0.200.202406191456/tools/bin/../lib/gcc/arm-none-eabi/12.3.1/thumb/v7e-m+fp/hard/libgcc.a(_aeabi_uldivmod.o)
                0x08006c78                __aeabi_uldivmod
 .text          0x08006ca8      0x2bc /Applications/STM32CubeIDE.app/Contents/Eclipse/plugins/com.st.stm32cube.ide.mcu.externaltools.gnu-tools-for-stm32.12.3.rel1.macos64_1.0.200.202406191456/tools/bin/../lib/gcc/arm-none-eabi/12.3.1/thumb/v7e-m+fp/hard/libgcc.a(_udivmoddi4.o)
                0x08006ca8                __udivmoddi4
 .text          0x08006f64      0x9f4 /Applications/STM32CubeIDE.app/Contents/Eclipse/plugins/com.st.stm32cube.ide.mcu.externaltools.gnu-tools-for-stm32.12.3.rel1.macos64_1.0.200.202406191456/tools/bin/../lib/gcc/arm-none-eabi/12.3.1/thumb/v7e-m+fp/hard/libgcc.a(unwind-arm.o)
                0x08007214                _Unwind_GetCFA
                0x08007218                __gnu_Unwind_RaiseException
                0x08007280                __gnu_Unwind_ForcedUnwind
                0x08007290                __gnu_Unwind_Resume
                0x080072d4                __gnu_Unwind_Resume_or_Rethrow
                0x080072e4                _Unwind_Complete
                0x080072e8                _Unwind_DeleteException
                0x080072f4                _Unwind_VRS_Get
                0x08007340                _Unwind_VRS_Set
                0x08007388                __gnu_Unwind_Backtrace
                0x080076a4                __aeabi_unwind_cpp_pr0
                0x080076a8                __aeabi_unwind_cpp_pr1
                0x080076ac                __aeabi_unwind_cpp_pr2
                0x080076b0                _Unwind_VRS_Pop
 .text          0x08007958      0x1ac /Applications/STM32CubeIDE.app/Contents/Eclipse/plugins/com.st.stm32cube.ide.mcu.externaltools.gnu-tools-for-stm32.12.3.rel1.macos64_1.0.200.202406191456/tools/bin/../lib/gcc/arm-none-eabi/12.3.1/thumb/v7e-m+fp/hard/libgcc.a(libunwind.o)
                0x08007958                __restore_core_regs
                0x08007958                restore_core_regs
                0x08007970                __gnu_Unwind_Restore_VFP
                0x08007978                __gnu_Unwind_Save_VFP
                0x08007980                __gnu_Unwind_Restore_VFP_D
                0x08007988                __gnu_Unwind_Save_VFP_D
                0x08007990                __gnu_Unwind_Restore_VFP_D_16_to_31
                0x08007998                __gnu_Unwind_Save_VFP_D_16_to_31
                0x080079a0                __gnu_Unwind_Restore_WMMXD
                0x080079e4                __gnu_Unwind_Save_WMMXD
                0x08007a28                __gnu_Unwind_Restore_WMMXC
                0x08007a3c                __gnu_Unwind_Save_WMMXC
                0x08007a50                _Unwind_RaiseException
                0x08007a50                ___Unwind_RaiseException
                0x08007a74                ___Unwind_Resume
                0x08007a74                _Unwind_Resume
                0x08007a98                ___Unwind_Resume_or_Rethrow
                0x08007a98                _Unwind_Resume_or_Rethrow
                0x08007abc                _Unwind_ForcedUnwind
                0x08007abc                ___Unwind_ForcedUnwind
                0x08007ae0                _Unwind_Backtrace
                0x08007ae0                ___Unwind_Backtrace
 .text          0x08007b04      0x378 /Applications/STM32CubeIDE.app/Contents/Eclipse/plugins/com.st.stm32cube.ide.mcu.externaltools.gnu-tools-for-stm32.12.3.rel1.macos64_1.0.200.202406191456/tools/bin/../lib/gcc/arm-none-eabi/12.3.1/thumb/v7e-m+fp/hard/libgcc.a(pr-support.o)
                0x08007b5c                __gnu_unwind_execute
                0x08007e30                __gnu_unwind_frame
                0x08007e5c                _Unwind_GetRegionStart
                0x08007e68                _Unwind_GetLanguageSpecificData
 .text          0x08007e7c        0x4 /Applications/STM32CubeIDE.app/Contents/Eclipse/plugins/com.st.stm32cube.ide.mcu.externaltools.gnu-tools-for-stm32.12.3.rel1.macos64_1.0.200.202406191456/tools/bin/../lib/gcc/arm-none-eabi/12.3.1/thumb/v7e-m+fp/hard/libgcc.a(_dvmd_tls.o)
                0x08007e7c                __aeabi_ldiv0
                0x08007e7c                __aeabi_idiv0
 *(.text*)
 .text.BSP_PB_Init
                0x08007e80       0xd0 ./Drivers/BSP/STM32746G-Discovery/stm32746g_discovery.o
                0x08007e80                BSP_PB_Init
 .text.BSP_PB_GetState
                0x08007f50       0x1c ./Drivers/BSP/STM32746G-Discovery/stm32746g_discovery.o
                0x08007f50                BSP_PB_GetState
 .text.LL_FillBuffer
                0x08007f6c       0x88 ./Drivers/BSP/STM32746G-Discovery/stm32746g_discovery_lcd.o
 .text.BSP_LCD_GetXSize
                0x08007ff4       0x18 ./Drivers/BSP/STM32746G-Discovery/stm32746g_discovery_lcd.o
                0x08007ff4                BSP_LCD_GetXSize
 .text.BSP_LCD_GetYSize
                0x0800800c       0x18 ./Drivers/BSP/STM32746G-Discovery/stm32746g_discovery_lcd.o
                0x0800800c                BSP_LCD_GetYSize
 .text.BSP_LCD_LayerRgb565Init
                0x08008024       0x84 ./Drivers/BSP/STM32746G-Discovery/stm32746g_discovery_lcd.o
                0x08008024                BSP_LCD_LayerRgb565Init
 .text.BSP_LCD_SelectLayer
                0x080080a8        0xc ./Drivers/BSP/STM32746G-Discovery/stm32746g_discovery_lcd.o
                0x080080a8                BSP_LCD_SelectLayer
 .text.BSP_LCD_SetTransparency
                0x080080b4       0x10 ./Drivers/BSP/STM32746G-Discovery/stm32746g_discovery_lcd.o
                0x080080b4                BSP_LCD_SetTransparency
 .text.BSP_LCD_SetTextColor
                0x080080c4       0x18 ./Drivers/BSP/STM32746G-Discovery/stm32746g_discovery_lcd.o
                0x080080c4                BSP_LCD_SetTextColor
 .text.BSP_LCD_SetFont
                0x080080dc       0x1c ./Drivers/BSP/STM32746G-Discovery/stm32746g_discovery_lcd.o
                0x080080dc                BSP_LCD_SetFont
 .text.BSP_LCD_Clear
                0x080080f8       0x3c ./Drivers/BSP/STM32746G-Discovery/stm32746g_discovery_lcd.o
                0x080080f8                BSP_LCD_Clear
 .text.BSP_LCD_DrawPixel
                0x08008134       0x54 ./Drivers/BSP/STM32746G-Discovery/stm32746g_discovery_lcd.o
                0x08008134                BSP_LCD_DrawPixel
 .text.DrawChar
                0x08008188       0xe8 ./Drivers/BSP/STM32746G-Discovery/stm32746g_discovery_lcd.o
 .text.BSP_LCD_DisplayChar
                0x08008270       0x38 ./Drivers/BSP/STM32746G-Discovery/stm32746g_discovery_lcd.o
                0x08008270                BSP_LCD_DisplayChar
 .text.BSP_LCD_DisplayStringAt
                0x080082a8       0xd4 ./Drivers/BSP/STM32746G-Discovery/stm32746g_discovery_lcd.o
                0x080082a8                BSP_LCD_DisplayStringAt
 .text.BSP_LCD_DisplayOn
                0x0800837c       0x34 ./Drivers/BSP/STM32746G-Discovery/stm32746g_discovery_lcd.o
                0x0800837c                BSP_LCD_DisplayOn
 .text.BSP_LCD_MspInit
                0x080083b0      0x148 ./Drivers/BSP/STM32746G-Discovery/stm32746g_discovery_lcd.o
                0x080083b0                BSP_LCD_MspInit
 .text.BSP_LCD_ClockConfig
                0x080084f8       0x20 ./Drivers/BSP/STM32746G-Discovery/stm32746g_discovery_lcd.o
                0x080084f8                BSP_LCD_ClockConfig
 .text.BSP_LCD_Init
                0x08008518       0xac ./Drivers/BSP/STM32746G-Discovery/stm32746g_discovery_lcd.o
                0x08008518                BSP_LCD_Init
 .text.BSP_SDRAM_Initialization_sequence
                0x080085c4       0x9c ./Drivers/BSP/STM32746G-Discovery/stm32746g_discovery_sdram.o
                0x080085c4                BSP_SDRAM_Initialization_sequence
 .text.BSP_SDRAM_MspInit
                0x08008660      0x178 ./Drivers/BSP/STM32746G-Discovery/stm32746g_discovery_sdram.o
                0x08008660                BSP_SDRAM_MspInit
 .text.BSP_SDRAM_Init
                0x080087d8       0x80 ./Drivers/BSP/STM32746G-Discovery/stm32746g_discovery_sdram.o
                0x080087d8                BSP_SDRAM_Init
 .text.HAL_MspInit
                0x08008858        0x2 ./Drivers/STM32F7xx_HAL_Driver/Src/stm32f7xx_hal.o
                0x08008858                HAL_MspInit
 *fill*         0x0800885a        0x2 
 .text.HAL_InitTick
                0x0800885c       0x4c ./Drivers/STM32F7xx_HAL_Driver/Src/stm32f7xx_hal.o
                0x0800885c                HAL_InitTick
 .text.HAL_Init
                0x080088a8       0x2c ./Drivers/STM32F7xx_HAL_Driver/Src/stm32f7xx_hal.o
                0x080088a8                HAL_Init
 .text.HAL_IncTick
                0x080088d4       0x18 ./Drivers/STM32F7xx_HAL_Driver/Src/stm32f7xx_hal.o
                0x080088d4                HAL_IncTick
 .text.HAL_GetTick
                0x080088ec        0xc ./Drivers/STM32F7xx_HAL_Driver/Src/stm32f7xx_hal.o
                0x080088ec                HAL_GetTick
 .text.HAL_Delay
                0x080088f8       0x28 ./Drivers/STM32F7xx_HAL_Driver/Src/stm32f7xx_hal.o
                0x080088f8                HAL_Delay
 .text.__NVIC_EnableIRQ
                0x08008920       0x1c ./Drivers/STM32F7xx_HAL_Driver/Src/stm32f7xx_hal_cortex.o
 .text.__NVIC_SetPriority
                0x0800893c       0x24 ./Drivers/STM32F7xx_HAL_Driver/Src/stm32f7xx_hal_cortex.o
 .text.NVIC_EncodePriority
                0x08008960       0x3e ./Drivers/STM32F7xx_HAL_Driver/Src/stm32f7xx_hal_cortex.o
 *fill*         0x0800899e        0x2 
 .text.HAL_NVIC_SetPriorityGrouping
                0x080089a0       0x24 ./Drivers/STM32F7xx_HAL_Driver/Src/stm32f7xx_hal_cortex.o
                0x080089a0                HAL_NVIC_SetPriorityGrouping
 .text.HAL_NVIC_SetPriority
                0x080089c4       0x20 ./Drivers/STM32F7xx_HAL_Driver/Src/stm32f7xx_hal_cortex.o
                0x080089c4                HAL_NVIC_SetPriority
 .text.HAL_NVIC_EnableIRQ
                0x080089e4        0x8 ./Drivers/STM32F7xx_HAL_Driver/Src/stm32f7xx_hal_cortex.o
                0x080089e4                HAL_NVIC_EnableIRQ
 .text.HAL_SYSTICK_Config
                0x080089ec       0x28 ./Drivers/STM32F7xx_HAL_Driver/Src/stm32f7xx_hal_cortex.o
                0x080089ec                HAL_SYSTICK_Config
 .text.DMA_CalcBaseAndBitshift
                0x08008a14       0x40 ./Drivers/STM32F7xx_HAL_Driver/Src/stm32f7xx_hal_dma.o
 .text.DMA_CheckFifoParam
                0x08008a54       0x8e ./Drivers/STM32F7xx_HAL_Driver/Src/stm32f7xx_hal_dma.o
 *fill*         0x08008ae2        0x2 
 .text.HAL_DMA_Init
                0x08008ae4       0xcc ./Drivers/STM32F7xx_HAL_Driver/Src/stm32f7xx_hal_dma.o
                0x08008ae4                HAL_DMA_Init
 .text.HAL_DMA_DeInit
                0x08008bb0       0x64 ./Drivers/STM32F7xx_HAL_Driver/Src/stm32f7xx_hal_dma.o
                0x08008bb0                HAL_DMA_DeInit
 .text.DMA2D_SetConfig
                0x08008c14       0x92 ./Drivers/STM32F7xx_HAL_Driver/Src/stm32f7xx_hal_dma2d.o
 .text.HAL_DMA2D_MspInit
                0x08008ca6        0x2 ./Drivers/STM32F7xx_HAL_Driver/Src/stm32f7xx_hal_dma2d.o
                0x08008ca6                HAL_DMA2D_MspInit
 .text.HAL_DMA2D_Init
                0x08008ca8       0x5c ./Drivers/STM32F7xx_HAL_Driver/Src/stm32f7xx_hal_dma2d.o
                0x08008ca8                HAL_DMA2D_Init
 .text.HAL_DMA2D_Start
                0x08008d04       0x38 ./Drivers/STM32F7xx_HAL_Driver/Src/stm32f7xx_hal_dma2d.o
                0x08008d04                HAL_DMA2D_Start
 .text.HAL_DMA2D_PollForTransfer
                0x08008d3c      0x13e ./Drivers/STM32F7xx_HAL_Driver/Src/stm32f7xx_hal_dma2d.o
                0x08008d3c                HAL_DMA2D_PollForTransfer
 *fill*         0x08008e7a        0x2 
 .text.HAL_DMA2D_ConfigLayer
                0x08008e7c       0xc4 ./Drivers/STM32F7xx_HAL_Driver/Src/stm32f7xx_hal_dma2d.o
                0x08008e7c                HAL_DMA2D_ConfigLayer
 .text.HAL_GPIO_Init
                0x08008f40      0x1e4 ./Drivers/STM32F7xx_HAL_Driver/Src/stm32f7xx_hal_gpio.o
                0x08008f40                HAL_GPIO_Init
 .text.HAL_GPIO_ReadPin
                0x08009124        0xe ./Drivers/STM32F7xx_HAL_Driver/Src/stm32f7xx_hal_gpio.o
                0x08009124                HAL_GPIO_ReadPin
 .text.HAL_GPIO_WritePin
                0x08009132        0xc ./Drivers/STM32F7xx_HAL_Driver/Src/stm32f7xx_hal_gpio.o
                0x08009132                HAL_GPIO_WritePin
 .text.I2C_Flush_TXDR
                0x0800913e       0x22 ./Drivers/STM32F7xx_HAL_Driver/Src/stm32f7xx_hal_i2c.o
 .text.I2C_TransferConfig
                0x08009160       0x38 ./Drivers/STM32F7xx_HAL_Driver/Src/stm32f7xx_hal_i2c.o
 .text.I2C_IsAcknowledgeFailed
                0x08009198       0x82 ./Drivers/STM32F7xx_HAL_Driver/Src/stm32f7xx_hal_i2c.o
 .text.I2C_WaitOnTXISFlagUntilTimeout
                0x0800921a       0x54 ./Drivers/STM32F7xx_HAL_Driver/Src/stm32f7xx_hal_i2c.o
 .text.I2C_WaitOnFlagUntilTimeout
                0x0800926e       0x4c ./Drivers/STM32F7xx_HAL_Driver/Src/stm32f7xx_hal_i2c.o
 .text.I2C_WaitOnSTOPFlagUntilTimeout
                0x080092ba       0x4e ./Drivers/STM32F7xx_HAL_Driver/Src/stm32f7xx_hal_i2c.o
 .text.I2C_WaitOnRXNEFlagUntilTimeout
                0x08009308       0x96 ./Drivers/STM32F7xx_HAL_Driver/Src/stm32f7xx_hal_i2c.o
 *fill*         0x0800939e        0x2 
 .text.HAL_I2C_Init
                0x080093a0       0xbc ./Drivers/STM32F7xx_HAL_Driver/Src/stm32f7xx_hal_i2c.o
                0x080093a0                HAL_I2C_Init
 .text.HAL_I2C_Master_Transmit
                0x0800945c      0x190 ./Drivers/STM32F7xx_HAL_Driver/Src/stm32f7xx_hal_i2c.o
                0x0800945c                HAL_I2C_Master_Transmit
 .text.HAL_I2C_Master_Receive
                0x080095ec      0x190 ./Drivers/STM32F7xx_HAL_Driver/Src/stm32f7xx_hal_i2c.o
                0x080095ec                HAL_I2C_Master_Receive
 .text.HAL_I2CEx_ConfigAnalogFilter
                0x0800977c       0x5c ./Drivers/STM32F7xx_HAL_Driver/Src/stm32f7xx_hal_i2c_ex.o
                0x0800977c                HAL_I2CEx_ConfigAnalogFilter
 .text.LTDC_SetConfig
                0x080097d8      0x1b0 ./Drivers/STM32F7xx_HAL_Driver/Src/stm32f7xx_hal_ltdc.o
 .text.HAL_LTDC_Init
                0x08009988       0xfc ./Drivers/STM32F7xx_HAL_Driver/Src/stm32f7xx_hal_ltdc.o
                0x08009988                HAL_LTDC_Init
 .text.HAL_LTDC_ConfigLayer
                0x08009a84       0x68 ./Drivers/STM32F7xx_HAL_Driver/Src/stm32f7xx_hal_ltdc.o
                0x08009a84                HAL_LTDC_ConfigLayer
 .text.HAL_LTDC_SetAlpha
                0x08009aec       0x42 ./Drivers/STM32F7xx_HAL_Driver/Src/stm32f7xx_hal_ltdc.o
                0x08009aec                HAL_LTDC_SetAlpha
 .text.HAL_LTDC_GetState
                0x08009b2e        0x6 ./Drivers/STM32F7xx_HAL_Driver/Src/stm32f7xx_hal_ltdc.o
                0x08009b2e                HAL_LTDC_GetState
 .text.HAL_PWREx_EnableOverDrive
                0x08009b34       0x7c ./Drivers/STM32F7xx_HAL_Driver/Src/stm32f7xx_hal_pwr_ex.o
                0x08009b34                HAL_PWREx_EnableOverDrive
 .text.HAL_RCC_OscConfig
                0x08009bb0      0x3d4 ./Drivers/STM32F7xx_HAL_Driver/Src/stm32f7xx_hal_rcc.o
                0x08009bb0                HAL_RCC_OscConfig
 .text.HAL_RCC_GetSysClockFreq
                0x08009f84       0xa8 ./Drivers/STM32F7xx_HAL_Driver/Src/stm32f7xx_hal_rcc.o
                0x08009f84                HAL_RCC_GetSysClockFreq
 .text.HAL_RCC_ClockConfig
                0x0800a02c      0x164 ./Drivers/STM32F7xx_HAL_Driver/Src/stm32f7xx_hal_rcc.o
                0x0800a02c                HAL_RCC_ClockConfig
 .text.HAL_RCC_GetHCLKFreq
                0x0800a190        0xc ./Drivers/STM32F7xx_HAL_Driver/Src/stm32f7xx_hal_rcc.o
                0x0800a190                HAL_RCC_GetHCLKFreq
 .text.HAL_RCC_GetPCLK1Freq
                0x0800a19c       0x20 ./Drivers/STM32F7xx_HAL_Driver/Src/stm32f7xx_hal_rcc.o
                0x0800a19c                HAL_RCC_GetPCLK1Freq
 .text.HAL_RCC_GetPCLK2Freq
                0x0800a1bc       0x20 ./Drivers/STM32F7xx_HAL_Driver/Src/stm32f7xx_hal_rcc.o
                0x0800a1bc                HAL_RCC_GetPCLK2Freq
 .text.HAL_RCCEx_PeriphCLKConfig
                0x0800a1dc      0x5b0 ./Drivers/STM32F7xx_HAL_Driver/Src/stm32f7xx_hal_rcc_ex.o
                0x0800a1dc                HAL_RCCEx_PeriphCLKConfig
 .text.HAL_SDRAM_MspInit
                0x0800a78c        0x2 ./Drivers/STM32F7xx_HAL_Driver/Src/stm32f7xx_hal_sdram.o
                0x0800a78c                HAL_SDRAM_MspInit
 .text.HAL_SDRAM_Init
                0x0800a78e       0x40 ./Drivers/STM32F7xx_HAL_Driver/Src/stm32f7xx_hal_sdram.o
                0x0800a78e                HAL_SDRAM_Init
 .text.HAL_SDRAM_SendCommand
                0x0800a7ce       0x36 ./Drivers/STM32F7xx_HAL_Driver/Src/stm32f7xx_hal_sdram.o
                0x0800a7ce                HAL_SDRAM_SendCommand
 .text.HAL_SDRAM_ProgramRefreshRate
                0x0800a804       0x24 ./Drivers/STM32F7xx_HAL_Driver/Src/stm32f7xx_hal_sdram.o
                0x0800a804                HAL_SDRAM_ProgramRefreshRate
 .text.SPI_WaitFlagStateUntilTimeout
                0x0800a828       0x96 ./Drivers/STM32F7xx_HAL_Driver/Src/stm32f7xx_hal_spi.o
 .text.SPI_WaitFifoStateUntilTimeout
                0x0800a8be       0xc8 ./Drivers/STM32F7xx_HAL_Driver/Src/stm32f7xx_hal_spi.o
 .text.SPI_EndRxTxTransaction
                0x0800a986       0x56 ./Drivers/STM32F7xx_HAL_Driver/Src/stm32f7xx_hal_spi.o
 .text.HAL_SPI_Init
                0x0800a9dc       0xc4 ./Drivers/STM32F7xx_HAL_Driver/Src/stm32f7xx_hal_spi.o
                0x0800a9dc                HAL_SPI_Init
 .text.HAL_SPI_Transmit
                0x0800aaa0      0x19e ./Drivers/STM32F7xx_HAL_Driver/Src/stm32f7xx_hal_spi.o
                0x0800aaa0                HAL_SPI_Transmit
 .text.HAL_SPI_TransmitReceive
                0x0800ac3e      0x2f2 ./Drivers/STM32F7xx_HAL_Driver/Src/stm32f7xx_hal_spi.o
                0x0800ac3e                HAL_SPI_TransmitReceive
 .text.UART_WaitOnFlagUntilTimeout
                0x0800af30       0x68 ./Drivers/STM32F7xx_HAL_Driver/Src/stm32f7xx_hal_uart.o
                0x0800af30                UART_WaitOnFlagUntilTimeout
 .text.HAL_UART_Transmit
                0x0800af98       0xc8 ./Drivers/STM32F7xx_HAL_Driver/Src/stm32f7xx_hal_uart.o
                0x0800af98                HAL_UART_Transmit
 .text.HAL_UART_Receive
                0x0800b060      0x10c ./Drivers/STM32F7xx_HAL_Driver/Src/stm32f7xx_hal_uart.o
                0x0800b060                HAL_UART_Receive
 .text.UART_SetConfig
                0x0800b16c      0x38c ./Drivers/STM32F7xx_HAL_Driver/Src/stm32f7xx_hal_uart.o
                0x0800b16c                UART_SetConfig
 .text.UART_AdvFeatureConfig
                0x0800b4f8       0xca ./Drivers/STM32F7xx_HAL_Driver/Src/stm32f7xx_hal_uart.o
                0x0800b4f8                UART_AdvFeatureConfig
 .text.UART_CheckIdleState
                0x0800b5c2       0x48 ./Drivers/STM32F7xx_HAL_Driver/Src/stm32f7xx_hal_uart.o
                0x0800b5c2                UART_CheckIdleState
 .text.HAL_UART_Init
                0x0800b60a       0x66 ./Drivers/STM32F7xx_HAL_Driver/Src/stm32f7xx_hal_uart.o
                0x0800b60a                HAL_UART_Init
 .text.FMC_SDRAM_Init
                0x0800b670       0x74 ./Drivers/STM32F7xx_HAL_Driver/Src/stm32f7xx_ll_fmc.o
                0x0800b670                FMC_SDRAM_Init
 .text.FMC_SDRAM_Timing_Init
                0x0800b6e4       0xa8 ./Drivers/STM32F7xx_HAL_Driver/Src/stm32f7xx_ll_fmc.o
                0x0800b6e4                FMC_SDRAM_Timing_Init
 .text.FMC_SDRAM_SendCommand
                0x0800b78c       0x2e ./Drivers/STM32F7xx_HAL_Driver/Src/stm32f7xx_ll_fmc.o
                0x0800b78c                FMC_SDRAM_SendCommand
 .text.FMC_SDRAM_ProgramRefreshRate
                0x0800b7ba        0xc ./Drivers/STM32F7xx_HAL_Driver/Src/stm32f7xx_ll_fmc.o
                0x0800b7ba                FMC_SDRAM_ProgramRefreshRate
 *fill*         0x0800b7c6        0x2 
 .text._ZN11JPEGDecoder14pjpeg_callbackEPhhS0_Pv
                0x0800b7c8       0x44 ./Src/JPEGDecoder.o
                0x0800b7c8                JPEGDecoder::pjpeg_callback(unsigned char*, unsigned char, unsigned char*, void*)
 .text._ZN11JPEGDecoder4readEv
                0x0800b80c      0x3b8 ./Src/JPEGDecoder.o
                0x0800b80c                JPEGDecoder::read()
 .text._ZN11JPEGDecoder11decodeArrayEPKhm
                0x0800bbc4       0xc0 ./Src/JPEGDecoder.o
                0x0800bbc4                JPEGDecoder::decodeArray(unsigned char const*, unsigned long)
 .text.startup._GLOBAL__sub_I_JpegDec
                0x0800bc84       0x1c ./Src/JPEGDecoder.o
 .text.exit._GLOBAL__sub_D_JpegDec
                0x0800bca0       0x10 ./Src/JPEGDecoder.o
 .text._Z10initCamerav
                0x0800bcb0       0x90 ./Src/camera.o
                0x0800bcb0                initCamera()
 .text._Z22DecodeandProcessAndRGBiiPaPti
                0x0800bd40      0x264 ./Src/camera.o
                0x0800bd40                DecodeandProcessAndRGB(int, int, signed char*, unsigned short*, int)
 .text._Z12StartCapturev
                0x0800bfa4       0x2c ./Src/camera.o
                0x0800bfa4                StartCapture()
 .text._Z15read_fifo_burstv
                0x0800bfd0      0x188 ./Src/camera.o
                0x0800bfd0                read_fifo_burst()
 .text._Z11ReadCapturev
                0x0800c158       0x20 ./Src/camera.o
                0x0800c158                ReadCapture()
 .text._Z11camI2CSetupv
                0x0800c178       0xe4 ./Src/camera_i2c.o
                0x0800c178                camI2CSetup()
 .text._Z14wrSensorReg8_8hh
                0x0800c25c       0x2c ./Src/camera_i2c.o
                0x0800c25c                wrSensorReg8_8(unsigned char, unsigned char)
 .text._Z15wrSensorRegs8_8PK10sensor_reg
                0x0800c288       0x44 ./Src/camera_i2c.o
                0x0800c288                wrSensorRegs8_8(sensor_reg const*)
 .text._Z15camSPIErrorTestv
                0x0800c2cc       0x94 ./Src/camera_spi.o
                0x0800c2cc                camSPIErrorTest()
 .text._Z11camSPISetupv
                0x0800c360       0xd8 ./Src/camera_spi.o
                0x0800c360                camSPISetup()
 .text._Z11camWriteReghh
                0x0800c438       0x48 ./Src/camera_spi.o
                0x0800c438                camWriteReg(unsigned char, unsigned char)
 .text._Z11camTransferh
                0x0800c480       0x28 ./Src/camera_spi.o
                0x0800c480                camTransfer(unsigned char)
 .text._Z12camTransfersPhm
                0x0800c4a8       0x40 ./Src/camera_spi.o
                0x0800c4a8                camTransfers(unsigned char*, unsigned long)
 .text._Z10camReadRegh
                0x0800c4e8       0x44 ./Src/camera_spi.o
                0x0800c4e8                camReadReg(unsigned char)
 .text._Z13camReadRegBithh
                0x0800c52c       0x48 ./Src/camera_spi.o
                0x0800c52c                camReadRegBit(unsigned char, unsigned char)
 .text._Z13loadRGB565LCDmmmmPth
                0x0800c574       0xa8 ./Src/lcd.o
                0x0800c574                loadRGB565LCD(unsigned long, unsigned long, unsigned long, unsigned long, unsigned short*, unsigned char)
 .text._Z13displaystringPcii
                0x0800c61c       0x10 ./Src/lcd.o
                0x0800c61c                displaystring(char*, int, int)
 .text._Z14detectResponseifiii
                0x0800c62c      0x338 ./Src/lcd.o
                0x0800c62c                detectResponse(int, float, int, int, int)
 .text._Z8lcdsetupv
                0x0800c964       0x84 ./Src/lcd.o
                0x0800c964                lcdsetup()
 .text._ZL8printLogPKc
                0x0800c9e8       0x54 ./Src/main.o
 *fill*         0x0800ca3c        0x4 
 .text.startup.main
                0x0800ca40      0xbbc ./Src/main.o
                0x0800ca40                main
 .text.replicateSignBit16
                0x0800d5fc       0x8c ./Src/picojpeg.o
 .text.arithmeticRightShiftN16
                0x0800d688       0x1e ./Src/picojpeg.o
 .text.arithmeticRightShift8L
                0x0800d6a6       0x12 ./Src/picojpeg.o
 .text.fillInBuf
                0x0800d6b8       0x3c ./Src/picojpeg.o
 .text.getChar  0x0800d6f4       0x50 ./Src/picojpeg.o
 .text.stuffChar
                0x0800d744       0x24 ./Src/picojpeg.o
 .text.getOctet
                0x0800d768       0x30 ./Src/picojpeg.o
 .text.getBits  0x0800d798       0xb8 ./Src/picojpeg.o
 .text.getBits1
                0x0800d850        0xa ./Src/picojpeg.o
 .text.getBits2
                0x0800d85a        0xa ./Src/picojpeg.o
 .text.getBit   0x0800d864       0x4c ./Src/picojpeg.o
 .text.getExtendTest
                0x0800d8b0       0x68 ./Src/picojpeg.o
 .text.getExtendOffset
                0x0800d918       0x84 ./Src/picojpeg.o
 .text.huffExtend
                0x0800d99c       0x22 ./Src/picojpeg.o
 .text.huffDecode
                0x0800d9be       0x58 ./Src/picojpeg.o
 .text.huffCreate
                0x0800da16       0x5a ./Src/picojpeg.o
 .text.getHuffTable
                0x0800da70       0x30 ./Src/picojpeg.o
 .text.getHuffVal
                0x0800daa0       0x30 ./Src/picojpeg.o
 .text.getMaxHuffCodes
                0x0800dad0        0xc ./Src/picojpeg.o
 .text.readDHTMarker
                0x0800dadc       0xdc ./Src/picojpeg.o
 .text.readSOFMarker
                0x0800dbb8       0xcc ./Src/picojpeg.o
 .text.skipVariableMarker
                0x0800dc84       0x28 ./Src/picojpeg.o
 .text.readDRIMarker
                0x0800dcac       0x24 ./Src/picojpeg.o
 .text.readSOSMarker
                0x0800dcd0       0xd4 ./Src/picojpeg.o
 .text.nextMarker
                0x0800dda4       0x20 ./Src/picojpeg.o
 .text.locateSOIMarker
                0x0800ddc4       0x64 ./Src/picojpeg.o
 .text.init     0x0800de28       0x78 ./Src/picojpeg.o
 .text.fixInBuffer
                0x0800dea0       0x38 ./Src/picojpeg.o
 .text.processRestart
                0x0800ded8       0x8c ./Src/picojpeg.o
 .text.checkHuffTables
                0x0800df64       0x58 ./Src/picojpeg.o
 .text.checkQuantTables
                0x0800dfbc       0x44 ./Src/picojpeg.o
 .text.initFrame
                0x0800e000      0x1dc ./Src/picojpeg.o
 .text.createWinogradQuant
                0x0800e1dc       0x28 ./Src/picojpeg.o
 .text.readDQTMarker
                0x0800e204       0xb8 ./Src/picojpeg.o
 .text.processMarkers
                0x0800e2bc       0x88 ./Src/picojpeg.o
 .text.locateSOFMarker
                0x0800e344       0x46 ./Src/picojpeg.o
 .text.locateSOSMarker
                0x0800e38a       0x32 ./Src/picojpeg.o
 .text.initScan
                0x0800e3bc       0x60 ./Src/picojpeg.o
 .text.imul_b1_b3
                0x0800e41c       0x14 ./Src/picojpeg.o
 .text.imul_b2  0x0800e430       0x14 ./Src/picojpeg.o
 .text.imul_b4  0x0800e444       0x14 ./Src/picojpeg.o
 .text.imul_b5  0x0800e458       0x12 ./Src/picojpeg.o
 .text.clamp    0x0800e46a       0x1a ./Src/picojpeg.o
 .text.idctRows
                0x0800e484      0x174 ./Src/picojpeg.o
 .text.idctCols
                0x0800e5f8      0x250 ./Src/picojpeg.o
 .text.addAndClamp
                0x0800e848       0x1e ./Src/picojpeg.o
 .text.subAndClamp
                0x0800e866       0x1e ./Src/picojpeg.o
 .text.upsampleCb
                0x0800e884       0xc4 ./Src/picojpeg.o
 .text.upsampleCbH
                0x0800e948       0x9c ./Src/picojpeg.o
 .text.upsampleCbV
                0x0800e9e4       0x9c ./Src/picojpeg.o
 .text.upsampleCr
                0x0800ea80       0xc4 ./Src/picojpeg.o
 .text.upsampleCrH
                0x0800eb44       0x98 ./Src/picojpeg.o
 .text.upsampleCrV
                0x0800ebdc       0x9c ./Src/picojpeg.o
 .text.copyY    0x0800ec78       0x48 ./Src/picojpeg.o
 .text.convertCb
                0x0800ecc0       0x60 ./Src/picojpeg.o
 .text.convertCr
                0x0800ed20       0x60 ./Src/picojpeg.o
 .text.transformBlock
                0x0800ed80      0x140 ./Src/picojpeg.o
 .text.transformBlockReduce
                0x0800eec0      0x3ec ./Src/picojpeg.o
 .text.decodeNextMCU
                0x0800f2ac      0x228 ./Src/picojpeg.o
 .text.pjpeg_decode_mcu
                0x0800f4d4       0x40 ./Src/picojpeg.o
                0x0800f4d4                pjpeg_decode_mcu
 .text.pjpeg_decode_init
                0x0800f514      0x110 ./Src/picojpeg.o
                0x0800f514                pjpeg_decode_init
 .text.Reset_Handler
                0x0800f624       0x50 ./Src/startup_stm32f746xx.o
                0x0800f624                Reset_Handler
 .text.Default_Handler
                0x0800f674        0x2 ./Src/startup_stm32f746xx.o
                0x0800f674                DMA1_Stream3_IRQHandler
                0x0800f674                EXTI2_IRQHandler
                0x0800f674                TIM8_CC_IRQHandler
                0x0800f674                UART8_IRQHandler
                0x0800f674                SPI4_IRQHandler
                0x0800f674                TIM1_CC_IRQHandler
                0x0800f674                DMA2_Stream5_IRQHandler
                0x0800f674                DMA1_Stream5_IRQHandler
                0x0800f674                PVD_IRQHandler
                0x0800f674                TAMP_STAMP_IRQHandler
                0x0800f674                CAN2_RX1_IRQHandler
                0x0800f674                EXTI3_IRQHandler
                0x0800f674                TIM8_TRG_COM_TIM14_IRQHandler
                0x0800f674                TIM1_UP_TIM10_IRQHandler
                0x0800f674                TIM8_UP_TIM13_IRQHandler
                0x0800f674                I2C3_ER_IRQHandler
                0x0800f674                EXTI0_IRQHandler
                0x0800f674                I2C2_EV_IRQHandler
                0x0800f674                DMA1_Stream2_IRQHandler
                0x0800f674                CAN1_RX0_IRQHandler
                0x0800f674                FPU_IRQHandler
                0x0800f674                OTG_HS_WKUP_IRQHandler
                0x0800f674                LTDC_ER_IRQHandler
                0x0800f674                CAN2_SCE_IRQHandler
                0x0800f674                DMA2_Stream2_IRQHandler
                0x0800f674                SPI1_IRQHandler
                0x0800f674                TIM6_DAC_IRQHandler
                0x0800f674                TIM1_BRK_TIM9_IRQHandler
                0x0800f674                DCMI_IRQHandler
                0x0800f674                CAN2_RX0_IRQHandler
                0x0800f674                DMA2_Stream3_IRQHandler
                0x0800f674                SAI2_IRQHandler
                0x0800f674                USART6_IRQHandler
                0x0800f674                USART3_IRQHandler
                0x0800f674                CAN1_RX1_IRQHandler
                0x0800f674                UART5_IRQHandler
                0x0800f674                DMA2_Stream0_IRQHandler
                0x0800f674                TIM4_IRQHandler
                0x0800f674                QUADSPI_IRQHandler
                0x0800f674                I2C1_EV_IRQHandler
                0x0800f674                DMA1_Stream6_IRQHandler
                0x0800f674                DMA1_Stream1_IRQHandler
                0x0800f674                UART4_IRQHandler
                0x0800f674                TIM3_IRQHandler
                0x0800f674                RCC_IRQHandler
                0x0800f674                TIM8_BRK_TIM12_IRQHandler
                0x0800f674                Default_Handler
                0x0800f674                CEC_IRQHandler
                0x0800f674                EXTI15_10_IRQHandler
                0x0800f674                ADC_IRQHandler
                0x0800f674                DMA1_Stream7_IRQHandler
                0x0800f674                SPI5_IRQHandler
                0x0800f674                TIM7_IRQHandler
                0x0800f674                SDMMC1_IRQHandler
                0x0800f674                CAN2_TX_IRQHandler
                0x0800f674                TIM5_IRQHandler
                0x0800f674                DMA2_Stream7_IRQHandler
                0x0800f674                I2C3_EV_IRQHandler
                0x0800f674                EXTI9_5_IRQHandler
                0x0800f674                RTC_WKUP_IRQHandler
                0x0800f674                LTDC_IRQHandler
                0x0800f674                ETH_WKUP_IRQHandler
                0x0800f674                SPDIF_RX_IRQHandler
                0x0800f674                SPI2_IRQHandler
                0x0800f674                OTG_HS_EP1_IN_IRQHandler
                0x0800f674                DMA1_Stream0_IRQHandler
                0x0800f674                CAN1_TX_IRQHandler
                0x0800f674                EXTI4_IRQHandler
                0x0800f674                RNG_IRQHandler
                0x0800f674                ETH_IRQHandler
                0x0800f674                OTG_HS_EP1_OUT_IRQHandler
                0x0800f674                WWDG_IRQHandler
                0x0800f674                SPI6_IRQHandler
                0x0800f674                I2C4_EV_IRQHandler
                0x0800f674                TIM2_IRQHandler
                0x0800f674                OTG_FS_WKUP_IRQHandler
                0x0800f674                TIM1_TRG_COM_TIM11_IRQHandler
                0x0800f674                OTG_HS_IRQHandler
                0x0800f674                DMA2D_IRQHandler
                0x0800f674                EXTI1_IRQHandler
                0x0800f674                UART7_IRQHandler
                0x0800f674                USART2_IRQHandler
                0x0800f674                I2C2_ER_IRQHandler
                0x0800f674                DMA2_Stream1_IRQHandler
                0x0800f674                CAN1_SCE_IRQHandler
                0x0800f674                FLASH_IRQHandler
                0x0800f674                DMA2_Stream4_IRQHandler
                0x0800f674                USART1_IRQHandler
                0x0800f674                OTG_FS_IRQHandler
                0x0800f674                SPI3_IRQHandler
                0x0800f674                DMA1_Stream4_IRQHandler
                0x0800f674                I2C1_ER_IRQHandler
                0x0800f674                FMC_IRQHandler
                0x0800f674                LPTIM1_IRQHandler
                0x0800f674                I2C4_ER_IRQHandler
                0x0800f674                DMA2_Stream6_IRQHandler
                0x0800f674                SAI1_IRQHandler
                0x0800f674                RTC_Alarm_IRQHandler
 *fill*         0x0800f676        0x2 
 .text.HAL_I2C_MspInit
                0x0800f678       0x88 ./Src/stm32f7xx_hal_msp.o
                0x0800f678                HAL_I2C_MspInit
 .text.HAL_SPI_MspInit
                0x0800f700       0xa4 ./Src/stm32f7xx_hal_msp.o
                0x0800f700                HAL_SPI_MspInit
 .text.HAL_UART_MspInit
                0x0800f7a4       0xe0 ./Src/stm32f7xx_hal_msp.o
                0x0800f7a4                HAL_UART_MspInit
 .text.HAL_LTDC_MspInit
                0x0800f884      0x12c ./Src/stm32f7xx_hal_msp.o
                0x0800f884                HAL_LTDC_MspInit
 .text.NMI_Handler
                0x0800f9b0        0x2 ./Src/stm32f7xx_it.o
                0x0800f9b0                NMI_Handler
 .text.HardFault_Handler
                0x0800f9b2        0x2 ./Src/stm32f7xx_it.o
                0x0800f9b2                HardFault_Handler
 .text.MemManage_Handler
                0x0800f9b4        0x2 ./Src/stm32f7xx_it.o
                0x0800f9b4                MemManage_Handler
 .text.BusFault_Handler
                0x0800f9b6        0x2 ./Src/stm32f7xx_it.o
                0x0800f9b6                BusFault_Handler
 .text.UsageFault_Handler
                0x0800f9b8        0x2 ./Src/stm32f7xx_it.o
                0x0800f9b8                UsageFault_Handler
 .text.SVC_Handler
                0x0800f9ba        0x2 ./Src/stm32f7xx_it.o
                0x0800f9ba                SVC_Handler
 .text.DebugMon_Handler
                0x0800f9bc        0x2 ./Src/stm32f7xx_it.o
                0x0800f9bc                DebugMon_Handler
 .text.PendSV_Handler
                0x0800f9be        0x2 ./Src/stm32f7xx_it.o
                0x0800f9be                PendSV_Handler
 .text.SysTick_Handler
                0x0800f9c0        0x8 ./Src/stm32f7xx_it.o
                0x0800f9c0                SysTick_Handler
 .text.SystemInit
                0x0800f9c8       0x50 ./Src/system_stm32f7xx.o
                0x0800f9c8                SystemInit
 .text.depthwise_kernel3x3_stride1_inplace_kernel_CHW_fpreq
                0x0800fa18      0x24c ./Src/TinyEngine/codegen/Source/depthwise_kernel3x3_stride1_inplace_CHW_fpreq.o
                0x0800fa18                depthwise_kernel3x3_stride1_inplace_kernel_CHW_fpreq
 .text.depthwise_kernel3x3_stride1_inplace_CHW_fpreq
                0x0800fc64       0xf8 ./Src/TinyEngine/codegen/Source/depthwise_kernel3x3_stride1_inplace_CHW_fpreq.o
                0x0800fc64                depthwise_kernel3x3_stride1_inplace_CHW_fpreq
 .text.depthwise_kernel3x3_stride1_inplace_kernel_CHW_fpreq_bitmask
                0x0800fd5c      0x370 ./Src/TinyEngine/codegen/Source/depthwise_kernel3x3_stride1_inplace_CHW_fpreq_bitmask.o
                0x0800fd5c                depthwise_kernel3x3_stride1_inplace_kernel_CHW_fpreq_bitmask
 .text.depthwise_kernel3x3_stride1_inplace_CHW_fpreq_bitmask
                0x080100cc      0x10e ./Src/TinyEngine/codegen/Source/depthwise_kernel3x3_stride1_inplace_CHW_fpreq_bitmask.o
                0x080100cc                depthwise_kernel3x3_stride1_inplace_CHW_fpreq_bitmask
 .text.depthwise_kernel3x3_stride2_inplace_kernel_CHW_fpreq
                0x080101da      0x25e ./Src/TinyEngine/codegen/Source/depthwise_kernel3x3_stride2_inplace_CHW_fpreq.o
                0x080101da                depthwise_kernel3x3_stride2_inplace_kernel_CHW_fpreq
 .text.depthwise_kernel3x3_stride2_inplace_CHW_fpreq
                0x08010438       0xf8 ./Src/TinyEngine/codegen/Source/depthwise_kernel3x3_stride2_inplace_CHW_fpreq.o
                0x08010438                depthwise_kernel3x3_stride2_inplace_CHW_fpreq
 .text.depthwise_kernel5x5_stride1_inplace_kernel_CHW_fpreq_bitmask
                0x08010530      0x548 ./Src/TinyEngine/codegen/Source/depthwise_kernel5x5_stride1_inplace_CHW_fpreq_bitmask.o
                0x08010530                depthwise_kernel5x5_stride1_inplace_kernel_CHW_fpreq_bitmask
 .text.depthwise_kernel5x5_stride1_inplace_CHW_fpreq_bitmask
                0x08010a78      0x130 ./Src/TinyEngine/codegen/Source/depthwise_kernel5x5_stride1_inplace_CHW_fpreq_bitmask.o
                0x08010a78                depthwise_kernel5x5_stride1_inplace_CHW_fpreq_bitmask
 .text.depthwise_kernel7x7_stride1_inplace_kernel_CHW_fpreq
                0x08010ba8      0x6e4 ./Src/TinyEngine/codegen/Source/depthwise_kernel7x7_stride1_inplace_CHW_fpreq.o
                0x08010ba8                depthwise_kernel7x7_stride1_inplace_kernel_CHW_fpreq
 .text.depthwise_kernel7x7_stride1_inplace_CHW_fpreq
                0x0801128c      0x11e ./Src/TinyEngine/codegen/Source/depthwise_kernel7x7_stride1_inplace_CHW_fpreq.o
                0x0801128c                depthwise_kernel7x7_stride1_inplace_CHW_fpreq
 .text.depthwise_kernel7x7_stride2_inplace_kernel_CHW_fpreq
                0x080113aa      0x6fe ./Src/TinyEngine/codegen/Source/depthwise_kernel7x7_stride2_inplace_CHW_fpreq.o
                0x080113aa                depthwise_kernel7x7_stride2_inplace_kernel_CHW_fpreq
 .text.depthwise_kernel7x7_stride2_inplace_CHW_fpreq
                0x08011aa8      0x11e ./Src/TinyEngine/codegen/Source/depthwise_kernel7x7_stride2_inplace_CHW_fpreq.o
                0x08011aa8                depthwise_kernel7x7_stride2_inplace_CHW_fpreq
 .text.depthwise_kernel7x7_stride2_inplace_kernel_CHW_fpreq_bitmask
                0x08011bc6      0x81c ./Src/TinyEngine/codegen/Source/depthwise_kernel7x7_stride2_inplace_CHW_fpreq_bitmask.o
                0x08011bc6                depthwise_kernel7x7_stride2_inplace_kernel_CHW_fpreq_bitmask
 .text.depthwise_kernel7x7_stride2_inplace_CHW_fpreq_bitmask
                0x080123e2      0x134 ./Src/TinyEngine/codegen/Source/depthwise_kernel7x7_stride2_inplace_CHW_fpreq_bitmask.o
                0x080123e2                depthwise_kernel7x7_stride2_inplace_CHW_fpreq_bitmask
 *fill*         0x08012516        0x2 
 .text.getInput
                0x08012518        0x8 ./Src/TinyEngine/codegen/Source/genModel.o
                0x08012518                getInput
 .text.getOutput
                0x08012520        0x8 ./Src/TinyEngine/codegen/Source/genModel.o
                0x08012520                getOutput
 .text.invoke   0x08012528     0x2d1c ./Src/TinyEngine/codegen/Source/genModel.o
                0x08012528                invoke
 .text.invoke_inf
                0x08015244      0xe88 ./Src/TinyEngine/codegen/Source/genModel.o
                0x08015244                invoke_inf
 .text.group_mac_kernel8_4row_fp_uniweight_reuse_output_input
                0x080160cc     0x104c ./Src/TinyEngine/src/kernels/fp_backward_op/group_conv_fp_kernel8_stride1_pad0.o
 .text.assign_sum_to_group_output_4row16col
                0x08017118     0x1358 ./Src/TinyEngine/src/kernels/fp_backward_op/group_conv_fp_kernel8_stride1_pad0.o
 .text.group_conv_fp_kernel8_stride1_pad0_in8x8_out1x1_uniweight_4row16col_inplace
                0x08018470      0x730 ./Src/TinyEngine/src/kernels/fp_backward_op/group_conv_fp_kernel8_stride1_pad0.o
                0x08018470                group_conv_fp_kernel8_stride1_pad0_in8x8_out1x1_uniweight_4row16col_inplace
 .text.group_pointwise_conv_fp_in1x1_out1x1_1row10col_uniweight_int8input_inplace
                0x08018ba0      0x4d4 ./Src/TinyEngine/src/kernels/fp_backward_op/group_pointwise_conv_fp.o
                0x08018ba0                group_pointwise_conv_fp_in1x1_out1x1_1row10col_uniweight_int8input_inplace
 .text.LogSoftmax
                0x08019074       0xec ./Src/TinyEngine/src/kernels/fp_backward_op/log_softmax_fp.o
                0x08019074                LogSoftmax
 .text.mul      0x08019160       0x38 ./Src/TinyEngine/src/kernels/fp_backward_op/mul_fp.o
                0x08019160                mul
 .text.nll_loss
                0x08019198       0x3c ./Src/TinyEngine/src/kernels/fp_backward_op/nll_loss_fp.o
                0x08019198                nll_loss
 .text.mac_1row_10col_fp_IOHW_forint8w
                0x080191d4       0xa6 ./Src/TinyEngine/src/kernels/fp_backward_op/pointwise_conv_fp.o
 .text.mac_4row_4col_fp_IOHW_forint8w
                0x0801927a      0x11a ./Src/TinyEngine/src/kernels/fp_backward_op/pointwise_conv_fp.o
 .text.assign_sum_to_pointwise_output_4row8col
                0x08019394      0x58a ./Src/TinyEngine/src/kernels/fp_backward_op/pointwise_conv_fp.o
 .text.assign_sum_to_pointwise_output_1row8col
                0x0801991e      0x162 ./Src/TinyEngine/src/kernels/fp_backward_op/pointwise_conv_fp.o
 .text.assign_sum_to_pointwise_output_4row4col
                0x08019a80      0x2ca ./Src/TinyEngine/src/kernels/fp_backward_op/pointwise_conv_fp.o
 .text.assign_sum_to_pointwise_output_1row4col
                0x08019d4a       0xb2 ./Src/TinyEngine/src/kernels/fp_backward_op/pointwise_conv_fp.o
 .text.pointwise_conv_fp_1row10col_10inputdepth_IOHW_int8weight
                0x08019dfc      0x68e ./Src/TinyEngine/src/kernels/fp_backward_op/pointwise_conv_fp.o
                0x08019dfc                pointwise_conv_fp_1row10col_10inputdepth_IOHW_int8weight
 *fill*         0x0801a48a        0x2 
 .text.pointwise_conv_fp_4row4col_IOHW_int8weight
                0x0801a48c      0x74c ./Src/TinyEngine/src/kernels/fp_backward_op/pointwise_conv_fp.o
                0x0801a48c                pointwise_conv_fp_4row4col_IOHW_int8weight
 .text.pointwise_conv_fp_4row4col_IOHW_int8weight_partialCH_8innercol
                0x0801abd8      0xd74 ./Src/TinyEngine/src/kernels/fp_backward_op/pointwise_conv_fp.o
                0x0801abd8                pointwise_conv_fp_4row4col_IOHW_int8weight_partialCH_8innercol
 .text.pointwise_conv_fp_4row4col_IOHW_int8weight_partialCH_4innercol
                0x0801b94c      0x8b0 ./Src/TinyEngine/src/kernels/fp_backward_op/pointwise_conv_fp.o
                0x0801b94c                pointwise_conv_fp_4row4col_IOHW_int8weight_partialCH_4innercol
 .text.strided_slice_4Dto4D
                0x0801c1fc       0x9c ./Src/TinyEngine/src/kernels/fp_backward_op/strided_slice_4Dto4D_fp.o
                0x0801c1fc                strided_slice_4Dto4D
 .text.sub      0x0801c298       0x38 ./Src/TinyEngine/src/kernels/fp_backward_op/sub_fp.o
                0x0801c298                sub
 .text.sum_3D   0x0801c2d0       0xec ./Src/TinyEngine/src/kernels/fp_backward_op/sum_3D_fp.o
                0x0801c2d0                sum_3D
 .text.sum_4D_exclude
                0x0801c3bc      0x16c ./Src/TinyEngine/src/kernels/fp_backward_op/sum_4D_exclude_fp.o
                0x0801c3bc                sum_4D_exclude
 .text.transpose_depthwise_mac_kernel3_2row_fp_uniweight
                0x0801c528      0x1e0 ./Src/TinyEngine/src/kernels/fp_backward_op/transpose_depthwise_conv_fp_kernel3_stride1_inpad1_outpad0.o
 .text.transpose_depthwise_mac_kernel3_1row_fp_uniweight
                0x0801c708       0xde ./Src/TinyEngine/src/kernels/fp_backward_op/transpose_depthwise_conv_fp_kernel3_stride1_inpad1_outpad0.o
 .text.transpose_depthwise_conv_fp_kernel3_stride1_inpad1_outpad0_IOHW_int8weight
                0x0801c7e6      0x200 ./Src/TinyEngine/src/kernels/fp_backward_op/transpose_depthwise_conv_fp_kernel3_stride1_inpad1_outpad0.o
                0x0801c7e6                transpose_depthwise_conv_fp_kernel3_stride1_inpad1_outpad0_IOHW_int8weight
 .text.transpose_depthwise_mac_kernel5_2row_fp_uniweight
                0x0801c9e6      0x4e8 ./Src/TinyEngine/src/kernels/fp_backward_op/transpose_depthwise_conv_fp_kernel5_stride1_inpad2_outpad0.o
 .text.transpose_depthwise_mac_kernel5_1row_fp_uniweight
                0x0801cece      0x226 ./Src/TinyEngine/src/kernels/fp_backward_op/transpose_depthwise_conv_fp_kernel5_stride1_inpad2_outpad0.o
 .text.transpose_depthwise_conv_fp_kernel5_stride1_inpad2_outpad0_IOHW_int8weight
                0x0801d0f4      0x234 ./Src/TinyEngine/src/kernels/fp_backward_op/transpose_depthwise_conv_fp_kernel5_stride1_inpad2_outpad0.o
                0x0801d0f4                transpose_depthwise_conv_fp_kernel5_stride1_inpad2_outpad0_IOHW_int8weight
 .text.transpose_depthwise_mac_kernel7_2row_fp_uniweight
                0x0801d328      0x970 ./Src/TinyEngine/src/kernels/fp_backward_op/transpose_depthwise_conv_fp_kernel7_stride2_inpad3_outpad1.o
 .text.transpose_depthwise_mac_kernel7_1row_fp_uniweight
                0x0801dc98      0x40e ./Src/TinyEngine/src/kernels/fp_backward_op/transpose_depthwise_conv_fp_kernel7_stride2_inpad3_outpad1.o
 .text.transpose_depthwise_conv_fp_kernel7_stride2_inpad3_outpad1_IOHW_int8weight
                0x0801e0a6      0x26c ./Src/TinyEngine/src/kernels/fp_backward_op/transpose_depthwise_conv_fp_kernel7_stride2_inpad3_outpad1.o
                0x0801e0a6                transpose_depthwise_conv_fp_kernel7_stride2_inpad3_outpad1_IOHW_int8weight
 .text.tte_exp  0x0801e312       0x3a ./Src/TinyEngine/src/kernels/fp_backward_op/tte_exp_fp.o
                0x0801e312                tte_exp
 .text.where_zeros_inplace_bit
                0x0801e34c       0x52 ./Src/TinyEngine/src/kernels/fp_backward_op/where_fp.o
                0x0801e34c                where_zeros_inplace_bit
 .text.add_fpreq
                0x0801e39e       0x9a ./Src/TinyEngine/src/kernels/fp_requantize_op/add_fpreq.o
                0x0801e39e                add_fpreq
 .text.add_fpreq_bitmask
                0x0801e438       0xd4 ./Src/TinyEngine/src/kernels/fp_requantize_op/add_fpreq.o
                0x0801e438                add_fpreq_bitmask
 .text.convolve_1x1_s8_ch16_fpreq
                0x0801e50c      0x1b4 ./Src/TinyEngine/src/kernels/fp_requantize_op/convolve_1x1_s8_ch16_fpreq.o
                0x0801e50c                convolve_1x1_s8_ch16_fpreq
 .text.convolve_1x1_s8_ch24_fpreq
                0x0801e6c0      0x1b4 ./Src/TinyEngine/src/kernels/fp_requantize_op/convolve_1x1_s8_ch24_fpreq.o
                0x0801e6c0                convolve_1x1_s8_ch24_fpreq
 .text.convolve_1x1_s8_ch48_fpreq
                0x0801e874      0x1b4 ./Src/TinyEngine/src/kernels/fp_requantize_op/convolve_1x1_s8_ch48_fpreq.o
                0x0801e874                convolve_1x1_s8_ch48_fpreq
 .text.convolve_1x1_s8_ch8_fpreq
                0x0801ea28      0x1b4 ./Src/TinyEngine/src/kernels/fp_requantize_op/convolve_1x1_s8_ch8_fpreq.o
                0x0801ea28                convolve_1x1_s8_ch8_fpreq
 .text.convolve_1x1_s8_fpreq
                0x0801ebdc      0x1b8 ./Src/TinyEngine/src/kernels/fp_requantize_op/convolve_1x1_s8_fpreq.o
                0x0801ebdc                convolve_1x1_s8_fpreq
 .text.convolve_1x1_s8_fpreq_bitmask
                0x0801ed94      0x202 ./Src/TinyEngine/src/kernels/fp_requantize_op/convolve_1x1_s8_fpreq_mask.o
                0x0801ed94                convolve_1x1_s8_fpreq_bitmask
 .text.convolve_1x1_s8_fpreq_bitmask_partialCH
                0x0801ef96      0x412 ./Src/TinyEngine/src/kernels/fp_requantize_op/convolve_1x1_s8_fpreq_mask_partialCH.o
                0x0801ef96                convolve_1x1_s8_fpreq_bitmask_partialCH
 .text.convolve_s8_kernel3_inputch3_stride2_pad1_fpreq
                0x0801f3a8      0x650 ./Src/TinyEngine/src/kernels/fp_requantize_op/convolve_s8_kernel3_inputch3_stride2_pad1_fpreq.o
                0x0801f3a8                convolve_s8_kernel3_inputch3_stride2_pad1_fpreq
 .text.mat_mult_kernel_s8_s16_reordered_ch48_fpreq
                0x0801f9f8      0x4b0 ./Src/TinyEngine/src/kernels/fp_requantize_op/mat_mul_kernels_fpreq.o
                0x0801f9f8                mat_mult_kernel_s8_s16_reordered_ch48_fpreq
 .text.mat_mult_kernel_s8_s16_reordered_ch16_fpreq
                0x0801fea8      0x24e ./Src/TinyEngine/src/kernels/fp_requantize_op/mat_mul_kernels_fpreq.o
                0x0801fea8                mat_mult_kernel_s8_s16_reordered_ch16_fpreq
 .text.mat_mult_kernel_s8_s16_reordered_ch24_fpreq
                0x080200f6      0x2e2 ./Src/TinyEngine/src/kernels/fp_requantize_op/mat_mul_kernels_fpreq.o
                0x080200f6                mat_mult_kernel_s8_s16_reordered_ch24_fpreq
 .text.mat_mult_kernel_s8_s16_reordered_fpreq
                0x080203d8      0x266 ./Src/TinyEngine/src/kernels/fp_requantize_op/mat_mul_kernels_fpreq.o
                0x080203d8                mat_mult_kernel_s8_s16_reordered_fpreq
 .text.mat_mult_kernel_s8_s16_reordered_fpreq_bitmask
                0x0802063e      0x28a ./Src/TinyEngine/src/kernels/fp_requantize_op/mat_mul_kernels_fpreq.o
                0x0802063e                mat_mult_kernel_s8_s16_reordered_fpreq_bitmask
 .text.mat_mult_kernel_s8_s16_reordered_fpreq_bitmask_partialCH
                0x080208c8      0x32a ./Src/TinyEngine/src/kernels/fp_requantize_op/mat_mul_kernels_fpreq.o
                0x080208c8                mat_mult_kernel_s8_s16_reordered_fpreq_bitmask_partialCH
 .text.mat_mult_kernel_s8_s16_reordered_fpreq_bitmask_partialCH_Multiple2
                0x08020bf2      0x31c ./Src/TinyEngine/src/kernels/fp_requantize_op/mat_mul_kernels_fpreq.o
                0x08020bf2                mat_mult_kernel_s8_s16_reordered_fpreq_bitmask_partialCH_Multiple2
 .text.mat_mult_kernel3_input3_s8_s16_fpreq
                0x08020f0e      0x2ae ./Src/TinyEngine/src/kernels/fp_requantize_op/mat_mul_kernels_fpreq.o
                0x08020f0e                mat_mult_kernel3_input3_s8_s16_fpreq
 .text.avg_pooling
                0x080211bc       0xca ./Src/TinyEngine/src/kernels/int_forward_op/avgpooling.o
                0x080211bc                avg_pooling
 .text.ITM_SendChar
                0x08021286       0x34 ./Src/sys/_io.o
 .text.__io_putchar
                0x080212ba        0x8 ./Src/sys/_io.o
                0x080212ba                __io_putchar
 *fill*         0x080212c2        0x2 
 .text.__io_getchar
                0x080212c4       0x24 ./Src/sys/_io.o
                0x080212c4                __io_getchar
 .text._write   0x080212e8       0x1a ./Src/sys/stubs.o
                0x080212e8                _write
 .text._read    0x08021302       0x1a ./Src/sys/stubs.o
                0x08021302                _read
 .text._close   0x0802131c        0x6 ./Src/sys/stubs.o
                0x0802131c                _close
 .text._fstat   0x08021322        0x6 ./Src/sys/stubs.o
                0x08021322                _fstat
 .text._isatty  0x08021328        0x6 ./Src/sys/stubs.o
                0x08021328                _isatty
 .text._lseek   0x0802132e        0x6 ./Src/sys/stubs.o
                0x0802132e                _lseek
 .text._exit    0x08021334        0x2 ./Src/sys/stubs.o
                0x08021334                _exit
 *fill*         0x08021336        0x2 
 .text._ZdaPv   0x08021338        0x4 /Applications/STM32CubeIDE.app/Contents/Eclipse/plugins/com.st.stm32cube.ide.mcu.externaltools.gnu-tools-for-stm32.12.3.rel1.macos64_1.0.200.202406191456/tools/bin/../lib/gcc/arm-none-eabi/12.3.1/../../../../arm-none-eabi/lib/thumb/v7e-m+fp/hard/libstdc++.a(del_opv.o)
                0x08021338                operator delete[](void*)
 .text._Znaj    0x0802133c        0x4 /Applications/STM32CubeIDE.app/Contents/Eclipse/plugins/com.st.stm32cube.ide.mcu.externaltools.gnu-tools-for-stm32.12.3.rel1.macos64_1.0.200.202406191456/tools/bin/../lib/gcc/arm-none-eabi/12.3.1/../../../../arm-none-eabi/lib/thumb/v7e-m+fp/hard/libstdc++.a(new_opv.o)
                0x0802133c                operator new[](unsigned int)
 .text._ZdlPv   0x08021340        0x4 /Applications/STM32CubeIDE.app/Contents/Eclipse/plugins/com.st.stm32cube.ide.mcu.externaltools.gnu-tools-for-stm32.12.3.rel1.macos64_1.0.200.202406191456/tools/bin/../lib/gcc/arm-none-eabi/12.3.1/../../../../arm-none-eabi/lib/thumb/v7e-m+fp/hard/libstdc++.a(del_op.o)
                0x08021340                operator delete(void*)
 .text._Znwj    0x08021344       0x3c /Applications/STM32CubeIDE.app/Contents/Eclipse/plugins/com.st.stm32cube.ide.mcu.externaltools.gnu-tools-for-stm32.12.3.rel1.macos64_1.0.200.202406191456/tools/bin/../lib/gcc/arm-none-eabi/12.3.1/../../../../arm-none-eabi/lib/thumb/v7e-m+fp/hard/libstdc++.a(new_op.o)
                0x08021344                operator new(unsigned int)
 .text._ZNKSt9bad_alloc4whatEv
                0x08021380        0x8 /Applications/STM32CubeIDE.app/Contents/Eclipse/plugins/com.st.stm32cube.ide.mcu.externaltools.gnu-tools-for-stm32.12.3.rel1.macos64_1.0.200.202406191456/tools/bin/../lib/gcc/arm-none-eabi/12.3.1/../../../../arm-none-eabi/lib/thumb/v7e-m+fp/hard/libstdc++.a(bad_alloc.o)
                0x08021380                std::bad_alloc::what() const
 .text._ZNSt9bad_allocD2Ev
                0x08021388       0x14 /Applications/STM32CubeIDE.app/Contents/Eclipse/plugins/com.st.stm32cube.ide.mcu.externaltools.gnu-tools-for-stm32.12.3.rel1.macos64_1.0.200.202406191456/tools/bin/../lib/gcc/arm-none-eabi/12.3.1/../../../../arm-none-eabi/lib/thumb/v7e-m+fp/hard/libstdc++.a(bad_alloc.o)
                0x08021388                std::bad_alloc::~bad_alloc()
                0x08021388                std::bad_alloc::~bad_alloc()
 .text._ZNSt9bad_allocD0Ev
                0x0802139c       0x1c /Applications/STM32CubeIDE.app/Contents/Eclipse/plugins/com.st.stm32cube.ide.mcu.externaltools.gnu-tools-for-stm32.12.3.rel1.macos64_1.0.200.202406191456/tools/bin/../lib/gcc/arm-none-eabi/12.3.1/../../../../arm-none-eabi/lib/thumb/v7e-m+fp/hard/libstdc++.a(bad_alloc.o)
                0x0802139c                std::bad_alloc::~bad_alloc()
 .text._ZdlPvj  0x080213b8        0x4 /Applications/STM32CubeIDE.app/Contents/Eclipse/plugins/com.st.stm32cube.ide.mcu.externaltools.gnu-tools-for-stm32.12.3.rel1.macos64_1.0.200.202406191456/tools/bin/../lib/gcc/arm-none-eabi/12.3.1/../../../../arm-none-eabi/lib/thumb/v7e-m+fp/hard/libstdc++.a(del_ops.o)
                0x080213b8                operator delete(void*, unsigned int)
 .text._ZN12_GLOBAL__N_14pool4freeEPv.constprop.0
                0x080213bc       0x80 /Applications/STM32CubeIDE.app/Contents/Eclipse/plugins/com.st.stm32cube.ide.mcu.externaltools.gnu-tools-for-stm32.12.3.rel1.macos64_1.0.200.202406191456/tools/bin/../lib/gcc/arm-none-eabi/12.3.1/../../../../arm-none-eabi/lib/thumb/v7e-m+fp/hard/libstdc++.a(eh_alloc.o)
 .text._ZN12_GLOBAL__N_14pool8allocateEj.constprop.0
                0x0802143c       0x58 /Applications/STM32CubeIDE.app/Contents/Eclipse/plugins/com.st.stm32cube.ide.mcu.externaltools.gnu-tools-for-stm32.12.3.rel1.macos64_1.0.200.202406191456/tools/bin/../lib/gcc/arm-none-eabi/12.3.1/../../../../arm-none-eabi/lib/thumb/v7e-m+fp/hard/libstdc++.a(eh_alloc.o)
 .text.__cxa_allocate_exception
                0x08021494       0x30 /Applications/STM32CubeIDE.app/Contents/Eclipse/plugins/com.st.stm32cube.ide.mcu.externaltools.gnu-tools-for-stm32.12.3.rel1.macos64_1.0.200.202406191456/tools/bin/../lib/gcc/arm-none-eabi/12.3.1/../../../../arm-none-eabi/lib/thumb/v7e-m+fp/hard/libstdc++.a(eh_alloc.o)
                0x08021494                __cxa_allocate_exception
 .text.__cxa_free_exception
                0x080214c4       0x20 /Applications/STM32CubeIDE.app/Contents/Eclipse/plugins/com.st.stm32cube.ide.mcu.externaltools.gnu-tools-for-stm32.12.3.rel1.macos64_1.0.200.202406191456/tools/bin/../lib/gcc/arm-none-eabi/12.3.1/../../../../arm-none-eabi/lib/thumb/v7e-m+fp/hard/libstdc++.a(eh_alloc.o)
                0x080214c4                __cxa_free_exception
 .text.startup._GLOBAL__sub_I__ZN9__gnu_cxx9__freeresEv
                0x080214e4       0x28 /Applications/STM32CubeIDE.app/Contents/Eclipse/plugins/com.st.stm32cube.ide.mcu.externaltools.gnu-tools-for-stm32.12.3.rel1.macos64_1.0.200.202406191456/tools/bin/../lib/gcc/arm-none-eabi/12.3.1/../../../../arm-none-eabi/lib/thumb/v7e-m+fp/hard/libstdc++.a(eh_alloc.o)
 .text._ZNSt9exceptionD2Ev
                0x0802150c        0x4 /Applications/STM32CubeIDE.app/Contents/Eclipse/plugins/com.st.stm32cube.ide.mcu.externaltools.gnu-tools-for-stm32.12.3.rel1.macos64_1.0.200.202406191456/tools/bin/../lib/gcc/arm-none-eabi/12.3.1/../../../../arm-none-eabi/lib/thumb/v7e-m+fp/hard/libstdc++.a(eh_exception.o)
                0x0802150c                std::exception::~exception()
                0x0802150c                std::exception::~exception()
 .text._ZNSt13bad_exceptionD2Ev
                0x08021510        0x4 /Applications/STM32CubeIDE.app/Contents/Eclipse/plugins/com.st.stm32cube.ide.mcu.externaltools.gnu-tools-for-stm32.12.3.rel1.macos64_1.0.200.202406191456/tools/bin/../lib/gcc/arm-none-eabi/12.3.1/../../../../arm-none-eabi/lib/thumb/v7e-m+fp/hard/libstdc++.a(eh_exception.o)
                0x08021510                std::bad_exception::~bad_exception()
                0x08021510                std::bad_exception::~bad_exception()
 .text._ZNKSt13bad_exception4whatEv
                0x08021514        0x8 /Applications/STM32CubeIDE.app/Contents/Eclipse/plugins/com.st.stm32cube.ide.mcu.externaltools.gnu-tools-for-stm32.12.3.rel1.macos64_1.0.200.202406191456/tools/bin/../lib/gcc/arm-none-eabi/12.3.1/../../../../arm-none-eabi/lib/thumb/v7e-m+fp/hard/libstdc++.a(eh_exception.o)
                0x08021514                transaction clone for std::bad_exception::what() const
                0x08021514                std::bad_exception::what() const
 .text._ZNSt13bad_exceptionD0Ev
                0x0802151c       0x10 /Applications/STM32CubeIDE.app/Contents/Eclipse/plugins/com.st.stm32cube.ide.mcu.externaltools.gnu-tools-for-stm32.12.3.rel1.macos64_1.0.200.202406191456/tools/bin/../lib/gcc/arm-none-eabi/12.3.1/../../../../arm-none-eabi/lib/thumb/v7e-m+fp/hard/libstdc++.a(eh_exception.o)
                0x0802151c                std::bad_exception::~bad_exception()
 .text._ZN10__cxxabiv111__terminateEPFvvE
                0x0802152c       0x10 /Applications/STM32CubeIDE.app/Contents/Eclipse/plugins/com.st.stm32cube.ide.mcu.externaltools.gnu-tools-for-stm32.12.3.rel1.macos64_1.0.200.202406191456/tools/bin/../lib/gcc/arm-none-eabi/12.3.1/../../../../arm-none-eabi/lib/thumb/v7e-m+fp/hard/libstdc++.a(eh_terminate.o)
                0x0802152c                __cxxabiv1::__terminate(void (*)())
 .text._ZSt9terminatev
                0x0802153c       0x14 /Applications/STM32CubeIDE.app/Contents/Eclipse/plugins/com.st.stm32cube.ide.mcu.externaltools.gnu-tools-for-stm32.12.3.rel1.macos64_1.0.200.202406191456/tools/bin/../lib/gcc/arm-none-eabi/12.3.1/../../../../arm-none-eabi/lib/thumb/v7e-m+fp/hard/libstdc++.a(eh_terminate.o)
                0x0802153c                std::terminate()
 .text._ZN10__cxxabiv112__unexpectedEPFvvE
                0x08021550        0x8 /Applications/STM32CubeIDE.app/Contents/Eclipse/plugins/com.st.stm32cube.ide.mcu.externaltools.gnu-tools-for-stm32.12.3.rel1.macos64_1.0.200.202406191456/tools/bin/../lib/gcc/arm-none-eabi/12.3.1/../../../../arm-none-eabi/lib/thumb/v7e-m+fp/hard/libstdc++.a(eh_terminate.o)
                0x08021550                __cxxabiv1::__unexpected(void (*)())
 .text._ZSt10unexpectedv
                0x08021558       0x14 /Applications/STM32CubeIDE.app/Contents/Eclipse/plugins/com.st.stm32cube.ide.mcu.externaltools.gnu-tools-for-stm32.12.3.rel1.macos64_1.0.200.202406191456/tools/bin/../lib/gcc/arm-none-eabi/12.3.1/../../../../arm-none-eabi/lib/thumb/v7e-m+fp/hard/libstdc++.a(eh_terminate.o)
                0x08021558                std::unexpected()
 .text._ZSt13get_terminatev
                0x0802156c       0x10 /Applications/STM32CubeIDE.app/Contents/Eclipse/plugins/com.st.stm32cube.ide.mcu.externaltools.gnu-tools-for-stm32.12.3.rel1.macos64_1.0.200.202406191456/tools/bin/../lib/gcc/arm-none-eabi/12.3.1/../../../../arm-none-eabi/lib/thumb/v7e-m+fp/hard/libstdc++.a(eh_terminate.o)
                0x0802156c                std::get_terminate()
 .text._ZSt14get_unexpectedv
                0x0802157c       0x10 /Applications/STM32CubeIDE.app/Contents/Eclipse/plugins/com.st.stm32cube.ide.mcu.externaltools.gnu-tools-for-stm32.12.3.rel1.macos64_1.0.200.202406191456/tools/bin/../lib/gcc/arm-none-eabi/12.3.1/../../../../arm-none-eabi/lib/thumb/v7e-m+fp/hard/libstdc++.a(eh_terminate.o)
                0x0802157c                std::get_unexpected()
 .text._ZL23__gxx_exception_cleanup19_Unwind_Reason_CodeP21_Unwind_Control_Block
                0x0802158c       0x44 /Applications/STM32CubeIDE.app/Contents/Eclipse/plugins/com.st.stm32cube.ide.mcu.externaltools.gnu-tools-for-stm32.12.3.rel1.macos64_1.0.200.202406191456/tools/bin/../lib/gcc/arm-none-eabi/12.3.1/../../../../arm-none-eabi/lib/thumb/v7e-m+fp/hard/libstdc++.a(eh_throw.o)
 .text.__cxa_init_primary_exception
                0x080215d0       0x44 /Applications/STM32CubeIDE.app/Contents/Eclipse/plugins/com.st.stm32cube.ide.mcu.externaltools.gnu-tools-for-stm32.12.3.rel1.macos64_1.0.200.202406191456/tools/bin/../lib/gcc/arm-none-eabi/12.3.1/../../../../arm-none-eabi/lib/thumb/v7e-m+fp/hard/libstdc++.a(eh_throw.o)
                0x080215d0                __cxa_init_primary_exception
 .text.__cxa_throw
                0x08021614       0x34 /Applications/STM32CubeIDE.app/Contents/Eclipse/plugins/com.st.stm32cube.ide.mcu.externaltools.gnu-tools-for-stm32.12.3.rel1.macos64_1.0.200.202406191456/tools/bin/../lib/gcc/arm-none-eabi/12.3.1/../../../../arm-none-eabi/lib/thumb/v7e-m+fp/hard/libstdc++.a(eh_throw.o)
                0x08021614                __cxa_throw
 .text.__cxa_rethrow
                0x08021648       0x70 /Applications/STM32CubeIDE.app/Contents/Eclipse/plugins/com.st.stm32cube.ide.mcu.externaltools.gnu-tools-for-stm32.12.3.rel1.macos64_1.0.200.202406191456/tools/bin/../lib/gcc/arm-none-eabi/12.3.1/../../../../arm-none-eabi/lib/thumb/v7e-m+fp/hard/libstdc++.a(eh_throw.o)
                0x08021648                __cxa_rethrow
 .text._ZSt15get_new_handlerv
                0x080216b8       0x10 /Applications/STM32CubeIDE.app/Contents/Eclipse/plugins/com.st.stm32cube.ide.mcu.externaltools.gnu-tools-for-stm32.12.3.rel1.macos64_1.0.200.202406191456/tools/bin/../lib/gcc/arm-none-eabi/12.3.1/../../../../arm-none-eabi/lib/thumb/v7e-m+fp/hard/libstdc++.a(new_handler.o)
                0x080216b8                std::get_new_handler()
 .text._ZN10__cxxabiv120__si_class_type_infoD2Ev
                0x080216c8       0x14 /Applications/STM32CubeIDE.app/Contents/Eclipse/plugins/com.st.stm32cube.ide.mcu.externaltools.gnu-tools-for-stm32.12.3.rel1.macos64_1.0.200.202406191456/tools/bin/../lib/gcc/arm-none-eabi/12.3.1/../../../../arm-none-eabi/lib/thumb/v7e-m+fp/hard/libstdc++.a(si_class_type_info.o)
                0x080216c8                __cxxabiv1::__si_class_type_info::~__si_class_type_info()
                0x080216c8                __cxxabiv1::__si_class_type_info::~__si_class_type_info()
 .text._ZN10__cxxabiv120__si_class_type_infoD0Ev
                0x080216dc       0x1c /Applications/STM32CubeIDE.app/Contents/Eclipse/plugins/com.st.stm32cube.ide.mcu.externaltools.gnu-tools-for-stm32.12.3.rel1.macos64_1.0.200.202406191456/tools/bin/../lib/gcc/arm-none-eabi/12.3.1/../../../../arm-none-eabi/lib/thumb/v7e-m+fp/hard/libstdc++.a(si_class_type_info.o)
                0x080216dc                __cxxabiv1::__si_class_type_info::~__si_class_type_info()
 .text._ZNK10__cxxabiv120__si_class_type_info20__do_find_public_srcEiPKvPKNS_17__class_type_infoES2_
                0x080216f8       0x3c /Applications/STM32CubeIDE.app/Contents/Eclipse/plugins/com.st.stm32cube.ide.mcu.externaltools.gnu-tools-for-stm32.12.3.rel1.macos64_1.0.200.202406191456/tools/bin/../lib/gcc/arm-none-eabi/12.3.1/../../../../arm-none-eabi/lib/thumb/v7e-m+fp/hard/libstdc++.a(si_class_type_info.o)
                0x080216f8                __cxxabiv1::__si_class_type_info::__do_find_public_src(int, void const*, __cxxabiv1::__class_type_info const*, void const*) const
 .text._ZNK10__cxxabiv120__si_class_type_info12__do_dyncastEiNS_17__class_type_info10__sub_kindEPKS1_PKvS4_S6_RNS1_16__dyncast_resultE
                0x08021734       0x84 /Applications/STM32CubeIDE.app/Contents/Eclipse/plugins/com.st.stm32cube.ide.mcu.externaltools.gnu-tools-for-stm32.12.3.rel1.macos64_1.0.200.202406191456/tools/bin/../lib/gcc/arm-none-eabi/12.3.1/../../../../arm-none-eabi/lib/thumb/v7e-m+fp/hard/libstdc++.a(si_class_type_info.o)
                0x08021734                __cxxabiv1::__si_class_type_info::__do_dyncast(int, __cxxabiv1::__class_type_info::__sub_kind, __cxxabiv1::__class_type_info const*, void const*, __cxxabiv1::__class_type_info const*, void const*, __cxxabiv1::__class_type_info::__dyncast_result&) const
 .text._ZNK10__cxxabiv120__si_class_type_info11__do_upcastEPKNS_17__class_type_infoEPKvRNS1_15__upcast_resultE
                0x080217b8       0x2c /Applications/STM32CubeIDE.app/Contents/Eclipse/plugins/com.st.stm32cube.ide.mcu.externaltools.gnu-tools-for-stm32.12.3.rel1.macos64_1.0.200.202406191456/tools/bin/../lib/gcc/arm-none-eabi/12.3.1/../../../../arm-none-eabi/lib/thumb/v7e-m+fp/hard/libstdc++.a(si_class_type_info.o)
                0x080217b8                __cxxabiv1::__si_class_type_info::__do_upcast(__cxxabiv1::__class_type_info const*, void const*, __cxxabiv1::__class_type_info::__upcast_result&) const
 .text._ZNSt9type_infoD2Ev
                0x080217e4        0x4 /Applications/STM32CubeIDE.app/Contents/Eclipse/plugins/com.st.stm32cube.ide.mcu.externaltools.gnu-tools-for-stm32.12.3.rel1.macos64_1.0.200.202406191456/tools/bin/../lib/gcc/arm-none-eabi/12.3.1/../../../../arm-none-eabi/lib/thumb/v7e-m+fp/hard/libstdc++.a(tinfo.o)
                0x080217e4                std::type_info::~type_info()
                0x080217e4                std::type_info::~type_info()
 .text._ZNKSt9type_info14__is_pointer_pEv
                0x080217e8        0x4 /Applications/STM32CubeIDE.app/Contents/Eclipse/plugins/com.st.stm32cube.ide.mcu.externaltools.gnu-tools-for-stm32.12.3.rel1.macos64_1.0.200.202406191456/tools/bin/../lib/gcc/arm-none-eabi/12.3.1/../../../../arm-none-eabi/lib/thumb/v7e-m+fp/hard/libstdc++.a(tinfo.o)
                0x080217e8                std::type_info::__is_function_p() const
                0x080217e8                std::type_info::__is_pointer_p() const
 .text._ZNKSt9type_infoeqERKS_
                0x080217ec       0x2c /Applications/STM32CubeIDE.app/Contents/Eclipse/plugins/com.st.stm32cube.ide.mcu.externaltools.gnu-tools-for-stm32.12.3.rel1.macos64_1.0.200.202406191456/tools/bin/../lib/gcc/arm-none-eabi/12.3.1/../../../../arm-none-eabi/lib/thumb/v7e-m+fp/hard/libstdc++.a(tinfo.o)
                0x080217ec                std::type_info::__equal(std::type_info const&) const
                0x080217ec                std::type_info::operator==(std::type_info const&) const
 .text._ZN9__gnu_cxx27__verbose_terminate_handlerEv
                0x08021818      0x10c /Applications/STM32CubeIDE.app/Contents/Eclipse/plugins/com.st.stm32cube.ide.mcu.externaltools.gnu-tools-for-stm32.12.3.rel1.macos64_1.0.200.202406191456/tools/bin/../lib/gcc/arm-none-eabi/12.3.1/../../../../arm-none-eabi/lib/thumb/v7e-m+fp/hard/libstdc++.a(vterminate.o)
                0x08021818                __gnu_cxx::__verbose_terminate_handler()
 .text._ZNK10__cxxabiv117__class_type_info11__do_upcastEPKS0_PPv
                0x08021924       0x34 /Applications/STM32CubeIDE.app/Contents/Eclipse/plugins/com.st.stm32cube.ide.mcu.externaltools.gnu-tools-for-stm32.12.3.rel1.macos64_1.0.200.202406191456/tools/bin/../lib/gcc/arm-none-eabi/12.3.1/../../../../arm-none-eabi/lib/thumb/v7e-m+fp/hard/libstdc++.a(class_type_info.o)
                0x08021924                __cxxabiv1::__class_type_info::__do_upcast(__cxxabiv1::__class_type_info const*, void**) const
 .text._ZNK10__cxxabiv117__class_type_info20__do_find_public_srcEiPKvPKS0_S2_
                0x08021958        0xc /Applications/STM32CubeIDE.app/Contents/Eclipse/plugins/com.st.stm32cube.ide.mcu.externaltools.gnu-tools-for-stm32.12.3.rel1.macos64_1.0.200.202406191456/tools/bin/../lib/gcc/arm-none-eabi/12.3.1/../../../../arm-none-eabi/lib/thumb/v7e-m+fp/hard/libstdc++.a(class_type_info.o)
                0x08021958                __cxxabiv1::__class_type_info::__do_find_public_src(int, void const*, __cxxabiv1::__class_type_info const*, void const*) const
 .text._ZN10__cxxabiv117__class_type_infoD2Ev
                0x08021964       0x14 /Applications/STM32CubeIDE.app/Contents/Eclipse/plugins/com.st.stm32cube.ide.mcu.externaltools.gnu-tools-for-stm32.12.3.rel1.macos64_1.0.200.202406191456/tools/bin/../lib/gcc/arm-none-eabi/12.3.1/../../../../arm-none-eabi/lib/thumb/v7e-m+fp/hard/libstdc++.a(class_type_info.o)
                0x08021964                __cxxabiv1::__class_type_info::~__class_type_info()
                0x08021964                __cxxabiv1::__class_type_info::~__class_type_info()
 .text._ZN10__cxxabiv117__class_type_infoD0Ev
                0x08021978       0x1c /Applications/STM32CubeIDE.app/Contents/Eclipse/plugins/com.st.stm32cube.ide.mcu.externaltools.gnu-tools-for-stm32.12.3.rel1.macos64_1.0.200.202406191456/tools/bin/../lib/gcc/arm-none-eabi/12.3.1/../../../../arm-none-eabi/lib/thumb/v7e-m+fp/hard/libstdc++.a(class_type_info.o)
                0x08021978                __cxxabiv1::__class_type_info::~__class_type_info()
 .text._ZNK10__cxxabiv117__class_type_info12__do_dyncastEiNS0_10__sub_kindEPKS0_PKvS3_S5_RNS0_16__dyncast_resultE
                0x08021994       0x44 /Applications/STM32CubeIDE.app/Contents/Eclipse/plugins/com.st.stm32cube.ide.mcu.externaltools.gnu-tools-for-stm32.12.3.rel1.macos64_1.0.200.202406191456/tools/bin/../lib/gcc/arm-none-eabi/12.3.1/../../../../arm-none-eabi/lib/thumb/v7e-m+fp/hard/libstdc++.a(class_type_info.o)
                0x08021994                __cxxabiv1::__class_type_info::__do_dyncast(int, __cxxabiv1::__class_type_info::__sub_kind, __cxxabiv1::__class_type_info const*, void const*, __cxxabiv1::__class_type_info const*, void const*, __cxxabiv1::__class_type_info::__dyncast_result&) const
 .text._ZNK10__cxxabiv117__class_type_info11__do_upcastEPKS0_PKvRNS0_15__upcast_resultE
                0x080219d8       0x1c /Applications/STM32CubeIDE.app/Contents/Eclipse/plugins/com.st.stm32cube.ide.mcu.externaltools.gnu-tools-for-stm32.12.3.rel1.macos64_1.0.200.202406191456/tools/bin/../lib/gcc/arm-none-eabi/12.3.1/../../../../arm-none-eabi/lib/thumb/v7e-m+fp/hard/libstdc++.a(class_type_info.o)
                0x080219d8                __cxxabiv1::__class_type_info::__do_upcast(__cxxabiv1::__class_type_info const*, void const*, __cxxabiv1::__class_type_info::__upcast_result&) const
 .text._ZNK10__cxxabiv117__class_type_info10__do_catchEPKSt9type_infoPPvj
                0x080219f4       0x2c /Applications/STM32CubeIDE.app/Contents/Eclipse/plugins/com.st.stm32cube.ide.mcu.externaltools.gnu-tools-for-stm32.12.3.rel1.macos64_1.0.200.202406191456/tools/bin/../lib/gcc/arm-none-eabi/12.3.1/../../../../arm-none-eabi/lib/thumb/v7e-m+fp/hard/libstdc++.a(class_type_info.o)
                0x080219f4                __cxxabiv1::__class_type_info::__do_catch(std::type_info const*, void**, unsigned int) const
 .text.__cxa_end_cleanup