../Src/TinyEngine/src/kernels/int_forward_op/add.c:23:9:Add	0	static
../Src/TinyEngine/src/kernels/int_forward_op/add.c:26:9:ShiftRight	0	static
../Src/TinyEngine/src/kernels/int_forward_op/add.c:29:9:BitAnd	0	static
../Src/TinyEngine/src/kernels/int_forward_op/add.c:32:9:BitNot	0	static
../Src/TinyEngine/src/kernels/int_forward_op/add.c:35:9:MaskIfNonZero	8	static
../Src/TinyEngine/src/kernels/int_forward_op/add.c:39:9:MaskIfGreaterThan	8	static
../Src/TinyEngine/src/kernels/int_forward_op/add.c:42:9:MaskIfLessThan	8	static
../Src/TinyEngine/src/kernels/int_forward_op/add.c:55:24:RoundingDivideByPOT	24	static
../Src/TinyEngine/src/kernels/int_forward_op/add.c:64:23:MultiplyByQuantizedMultiplierSmallerThanOneExp	8	static
../Src/TinyEngine/src/kernels/int_forward_op/add.c:70:19:add	40	static
