../Drivers/BSP/STM32746G-Discovery/stm32746g_discovery_qspi.c:745:16:QSPI_AutoPollingMemReady	88	static
../Drivers/BSP/STM32746G-Discovery/stm32746g_discovery_qspi.c:598:16:QSPI_ResetMemory	64	static
../Drivers/BSP/STM32746G-Discovery/stm32746g_discovery_qspi.c:699:16:QSPI_WriteEnable	88	static
../Drivers/BSP/STM32746G-Discovery/stm32746g_discovery_qspi.c:640:16:QSPI_DummyCyclesCfg	72	static,ignoring_inline_asm
../Drivers/BSP/STM32746G-Discovery/stm32746g_discovery_qspi.c:188:9:BSP_QSPI_Read	64	static
../Drivers/BSP/STM32746G-Discovery/stm32746g_discovery_qspi.c:228:9:BSP_QSPI_Write	80	static
../Drivers/BSP/STM32746G-Discovery/stm32746g_discovery_qspi.c:308:9:BSP_QSPI_Erase_Block	64	static
../Drivers/BSP/STM32746G-Discovery/stm32746g_discovery_qspi.c:350:9:BSP_QSPI_Erase_Chip	64	static
../Drivers/BSP/STM32746G-Discovery/stm32746g_discovery_qspi.c:390:9:BSP_QSPI_GetStatus	72	static
../Drivers/BSP/STM32746G-Discovery/stm32746g_discovery_qspi.c:443:9:BSP_QSPI_GetInfo	0	static
../Drivers/BSP/STM32746G-Discovery/stm32746g_discovery_qspi.c:459:9:BSP_QSPI_MemoryMappedMode	72	static
../Drivers/BSP/STM32746G-Discovery/stm32746g_discovery_qspi.c:504:13:BSP_QSPI_MspInit	72	static
../Drivers/BSP/STM32746G-Discovery/stm32746g_discovery_qspi.c:118:9:BSP_QSPI_Init	8	static,ignoring_inline_asm
../Drivers/BSP/STM32746G-Discovery/stm32746g_discovery_qspi.c:570:13:BSP_QSPI_MspDeInit	8	static
../Drivers/BSP/STM32746G-Discovery/stm32746g_discovery_qspi.c:165:9:BSP_QSPI_DeInit	8	static
