../Drivers/BSP/Components/wm8994/wm8994.c:894:16:CODEC_IO_Write	8	static
../Drivers/BSP/Components/wm8994/wm8994.c:698:10:wm8994_SetMute	16	static
../Drivers/BSP/Components/wm8994/wm8994.c:517:10:wm8994_Play	8	static
../Drivers/BSP/Components/wm8994/wm8994.c:552:10:wm8994_Resume	8	static
../Drivers/BSP/Components/wm8994/wm8994.c:533:10:wm8994_Pause	16	static
../Drivers/BSP/Components/wm8994/wm8994.c:576:10:wm8994_Stop	16	static
../Drivers/BSP/Components/wm8994/wm8994.c:622:10:wm8994_SetVolume	24	static
../Drivers/BSP/Components/wm8994/wm8994.c:135:10:wm8994_Init	40	static
../Drivers/BSP/Components/wm8994/wm8994.c:733:10:wm8994_SetOutputMode	16	static
../Drivers/BSP/Components/wm8994/wm8994.c:820:10:wm8994_SetFrequency	8	static
../Drivers/BSP/Components/wm8994/wm8994.c:875:10:wm8994_Reset	8	static
../Drivers/BSP/Components/wm8994/wm8994.c:492:6:wm8994_DeInit	8	static
../Drivers/BSP/Components/wm8994/wm8994.c:503:10:wm8994_ReadID	8	static
