../Src/camera.cpp:35:6:void flush_fifo()	0	static
../Src/camera.cpp:37:6:void clear_fifo_flag()	0	static
../Src/camera.cpp:39:6:void start_capture()	0	static
../Src/camera.cpp:41:6:void set_format(uint8_t)	0	static
../Src/camera.cpp:43:5:int initCamera()	16	static
../Src/camera.cpp:71:6:void OV2640_set_JPEG_size(uint8_t)	0	static
../Src/camera.cpp:106:10:uint32_t read_fifo_length()	16	static
../Src/camera.cpp:115:10:uint32_t getbufSize()	0	static
../Src/camera.cpp:117:9:uint8_t getbufChar(int)	0	static
../Src/camera.cpp:119:5:int DecodeandProcessRGB565(int, int, uint16_t*)	88	static
../Src/camera.cpp:180:5:int DecodeandProcessAndRGB(int, int, int8_t*, uint16_t*, int)	120	static
../Src/camera.cpp:289:5:int DecodeandProcess(int, int, uint8_t*)	72	static
../Src/camera.cpp:374:5:int StartCapture()	8	static
../Src/camera.cpp:397:9:uint8_t read_fifo_burst()	184	static
../Src/camera.cpp:356:5:int PerformCapture()	8	static
../Src/camera.cpp:386:5:int ReadCapture()	8	static
