../Src/picojpeg.c:31:14:replicateSignBit16	0	static
../Src/picojpeg.c:69:26:arithmeticRightShiftN16	8	static
../Src/picojpeg.c:75:25:arithmeticRightShift8L	0	static
../Src/picojpeg.c:228:13:fillInBuf	8	static
../Src/picojpeg.c:243:26:getChar	8	static
../Src/picojpeg.c:256:25:stuffChar	0	static
../Src/picojpeg.c:262:26:getOctet	16	static
../Src/picojpeg.c:277:15:getBits	32	static
../Src/picojpeg.c:309:27:getBits1	8	static
../Src/picojpeg.c:313:27:getBits2	8	static
../Src/picojpeg.c:317:26:getBit	8	static
../Src/picojpeg.c:334:15:getExtendTest	0	static
../Src/picojpeg.c:373:14:getExtendOffset	0	static
../Src/picojpeg.c:412:26:huffExtend	16	static
../Src/picojpeg.c:416:26:huffDecode	24	static
../Src/picojpeg.c:443:13:huffCreate	12	static
../Src/picojpeg.c:474:19:getHuffTable	0	static
../Src/picojpeg.c:490:15:getHuffVal	0	static
../Src/picojpeg.c:506:15:getMaxHuffCodes	0	static
../Src/picojpeg.c:508:14:readDHTMarker	48	static
../Src/picojpeg.c:612:14:readSOFMarker	8	static
../Src/picojpeg.c:650:14:skipVariableMarker	8	static
../Src/picojpeg.c:666:14:readDRIMarker	8	static
../Src/picojpeg.c:675:14:readSOSMarker	16	static
../Src/picojpeg.c:722:14:nextMarker	8	static
../Src/picojpeg.c:806:14:locateSOIMarker	16	static
../Src/picojpeg.c:896:14:init	16	static
../Src/picojpeg.c:916:13:fixInBuffer	8	static
../Src/picojpeg.c:928:14:processRestart	16	static
../Src/picojpeg.c:985:14:checkHuffTables	0	static
../Src/picojpeg.c:1000:14:checkQuantTables	0	static
../Src/picojpeg.c:1043:14:initFrame	0	static
../Src/picojpeg.c:1140:13:createWinogradQuant	0	static
../Src/picojpeg.c:563:14:readDQTMarker	24	static
../Src/picojpeg.c:744:14:processMarkers	8	static
../Src/picojpeg.c:842:14:locateSOFMarker	16	static
../Src/picojpeg.c:877:14:locateSOSMarker	16	static
../Src/picojpeg.c:1013:14:initScan	16	static
../Src/picojpeg.c:1152:26:imul_b1_b3	8	static
../Src/picojpeg.c:1158:26:imul_b2	8	static
../Src/picojpeg.c:1164:26:imul_b4	8	static
../Src/picojpeg.c:1170:26:imul_b5	8	static
../Src/picojpeg.c:1176:26:clamp	0	static
../Src/picojpeg.c:1187:13:idctRows	56	static
../Src/picojpeg.c:1258:13:idctCols	56	static
../Src/picojpeg.c:1330:26:addAndClamp	0	static
../Src/picojpeg.c:1343:26:subAndClamp	0	static
../Src/picojpeg.c:1355:13:upsampleCb	32	static
../Src/picojpeg.c:1388:13:upsampleCbH	32	static
../Src/picojpeg.c:1415:13:upsampleCbV	32	static
../Src/picojpeg.c:1442:13:upsampleCr	32	static
../Src/picojpeg.c:1475:13:upsampleCrH	32	static
../Src/picojpeg.c:1502:13:upsampleCrV	32	static
../Src/picojpeg.c:1530:13:copyY	4	static
../Src/picojpeg.c:1546:13:convertCb	24	static
../Src/picojpeg.c:1567:13:convertCr	24	static
../Src/picojpeg.c:1588:13:transformBlock	8	static
../Src/picojpeg.c:1707:13:transformBlockReduce	16	static
../Src/picojpeg.c:1889:14:decodeNextMCU	32	static
../Src/picojpeg.c:2014:15:pjpeg_decode_mcu	8	static
../Src/picojpeg.c:2033:1:pjpeg_decode_init	16	static
