../Drivers/CMSIS/Include/core_cm7.h:1911:22:__NVIC_EnableIRQ	0	static,ignoring_inline_asm
../Drivers/CMSIS/Include/core_cm7.h:1949:22:__NVIC_DisableIRQ	0	static,ignoring_inline_asm
../Drivers/CMSIS/Include/core_cm7.h:2041:22:__NVIC_SetPriority	0	static
../Drivers/CMSIS/Include/core_cm7.h:2063:26:__NVIC_GetPriority	0	static
../Drivers/CMSIS/Include/core_cm7.h:2088:26:NVIC_EncodePriority	4	static
../Drivers/CMSIS/Include/core_cm7.h:2115:22:NVIC_DecodePriority	8	static
../Drivers/CMSIS/Include/core_cm7.h:2165:34:__NVIC_SystemReset	0	static,ignoring_inline_asm
../Drivers/STM32F7xx_HAL_Driver/Src/stm32f7xx_hal_cortex.c:159:6:HAL_NVIC_SetPriorityGrouping	0	static
../Drivers/STM32F7xx_HAL_Driver/Src/stm32f7xx_hal_cortex.c:181:6:HAL_NVIC_SetPriority	8	static
../Drivers/STM32F7xx_HAL_Driver/Src/stm32f7xx_hal_cortex.c:203:6:HAL_NVIC_EnableIRQ	8	static
../Drivers/STM32F7xx_HAL_Driver/Src/stm32f7xx_hal_cortex.c:219:6:HAL_NVIC_DisableIRQ	8	static
../Drivers/STM32F7xx_HAL_Driver/Src/stm32f7xx_hal_cortex.c:232:6:HAL_NVIC_SystemReset	8	static
../Drivers/STM32F7xx_HAL_Driver/Src/stm32f7xx_hal_cortex.c:245:10:HAL_SYSTICK_Config	0	static
../Drivers/STM32F7xx_HAL_Driver/Src/stm32f7xx_hal_cortex.c:274:6:HAL_MPU_Disable	0	static,ignoring_inline_asm
../Drivers/STM32F7xx_HAL_Driver/Src/stm32f7xx_hal_cortex.c:297:6:HAL_MPU_Enable	0	static,ignoring_inline_asm
../Drivers/STM32F7xx_HAL_Driver/Src/stm32f7xx_hal_cortex.c:316:6:HAL_MPU_ConfigRegion	0	static
../Drivers/STM32F7xx_HAL_Driver/Src/stm32f7xx_hal_cortex.c:360:10:HAL_NVIC_GetPriorityGrouping	0	static
../Drivers/STM32F7xx_HAL_Driver/Src/stm32f7xx_hal_cortex.c:387:6:HAL_NVIC_GetPriority	16	static
../Drivers/STM32F7xx_HAL_Driver/Src/stm32f7xx_hal_cortex.c:402:6:HAL_NVIC_SetPendingIRQ	0	static
../Drivers/STM32F7xx_HAL_Driver/Src/stm32f7xx_hal_cortex.c:420:10:HAL_NVIC_GetPendingIRQ	0	static
../Drivers/STM32F7xx_HAL_Driver/Src/stm32f7xx_hal_cortex.c:436:6:HAL_NVIC_ClearPendingIRQ	0	static
../Drivers/STM32F7xx_HAL_Driver/Src/stm32f7xx_hal_cortex.c:453:10:HAL_NVIC_GetActive	0	static
../Drivers/STM32F7xx_HAL_Driver/Src/stm32f7xx_hal_cortex.c:470:6:HAL_SYSTICK_CLKSourceConfig	0	static
../Drivers/STM32F7xx_HAL_Driver/Src/stm32f7xx_hal_cortex.c:497:13:HAL_SYSTICK_Callback	0	static
../Drivers/STM32F7xx_HAL_Driver/Src/stm32f7xx_hal_cortex.c:488:6:HAL_SYSTICK_IRQHandler	8	static
